Archive member included to satisfy reference by file (symbol)

c:/altera/16.0/nios2eds/bin/gnu/h-x86_64-mingw32/bin/../lib/gcc/nios2-elf/5.2.0/../../../../../H-x86_64-mingw32/nios2-elf/lib/mhw-mulx\libc.a(lib_a-memcpy.o)
                              obj/default/seven_seg_hex.o (memcpy)
../InterruptsBSP/\libhal_bsp.a(alt_irq_register.o)
                              obj/default/InterruptDemo.o (alt_irq_register)
../InterruptsBSP/\libhal_bsp.a(alt_irq_vars.o)
                              ../InterruptsBSP/\libhal_bsp.a(alt_irq_register.o) (alt_irq_active)
../InterruptsBSP/\libhal_bsp.a(alt_load.o)
                              ../InterruptsBSP//obj/HAL/src/crt0.o (alt_load)
../InterruptsBSP/\libhal_bsp.a(alt_main.o)
                              ../InterruptsBSP//obj/HAL/src/crt0.o (alt_main)
../InterruptsBSP/\libhal_bsp.a(alt_sys_init.o)
                              ../InterruptsBSP/\libhal_bsp.a(alt_main.o) (alt_irq_init)
../InterruptsBSP/\libhal_bsp.a(altera_avalon_jtag_uart_fd.o)
                              ../InterruptsBSP/\libhal_bsp.a(alt_sys_init.o) (altera_avalon_jtag_uart_read_fd)
../InterruptsBSP/\libhal_bsp.a(altera_avalon_jtag_uart_init.o)
                              ../InterruptsBSP/\libhal_bsp.a(alt_sys_init.o) (altera_avalon_jtag_uart_init)
../InterruptsBSP/\libhal_bsp.a(altera_avalon_jtag_uart_ioctl.o)
                              ../InterruptsBSP/\libhal_bsp.a(altera_avalon_jtag_uart_fd.o) (altera_avalon_jtag_uart_ioctl)
../InterruptsBSP/\libhal_bsp.a(altera_avalon_jtag_uart_read.o)
                              ../InterruptsBSP/\libhal_bsp.a(altera_avalon_jtag_uart_fd.o) (altera_avalon_jtag_uart_read)
../InterruptsBSP/\libhal_bsp.a(altera_avalon_jtag_uart_write.o)
                              ../InterruptsBSP/\libhal_bsp.a(altera_avalon_jtag_uart_fd.o) (altera_avalon_jtag_uart_write)
../InterruptsBSP/\libhal_bsp.a(altera_avalon_timer_sc.o)
                              ../InterruptsBSP/\libhal_bsp.a(alt_sys_init.o) (alt_avalon_timer_sc_init)
../InterruptsBSP/\libhal_bsp.a(altera_up_avalon_character_lcd.o)
                              ../InterruptsBSP/\libhal_bsp.a(alt_sys_init.o) (alt_up_character_lcd_init)
../InterruptsBSP/\libhal_bsp.a(altera_up_avalon_irda.o)
                              ../InterruptsBSP/\libhal_bsp.a(alt_sys_init.o) (alt_up_irda_read_fd)
../InterruptsBSP/\libhal_bsp.a(altera_up_avalon_ps2.o)
                              ../InterruptsBSP/\libhal_bsp.a(alt_sys_init.o) (alt_up_ps2_init)
../InterruptsBSP/\libhal_bsp.a(altera_up_avalon_rs232.o)
                              ../InterruptsBSP/\libhal_bsp.a(alt_sys_init.o) (alt_up_rs232_read_fd)
../InterruptsBSP/\libhal_bsp.a(alt_alarm_start.o)
                              ../InterruptsBSP/\libhal_bsp.a(altera_avalon_jtag_uart_init.o) (alt_alarm_start)
../InterruptsBSP/\libhal_bsp.a(alt_close.o)
                              ../InterruptsBSP/\libhal_bsp.a(alt_main.o) (close)
../InterruptsBSP/\libhal_bsp.a(alt_dcache_flush_all.o)
                              ../InterruptsBSP/\libhal_bsp.a(alt_load.o) (alt_dcache_flush_all)
../InterruptsBSP/\libhal_bsp.a(alt_dev.o)
                              ../InterruptsBSP/\libhal_bsp.a(alt_sys_init.o) (alt_dev_list)
../InterruptsBSP/\libhal_bsp.a(alt_dev_llist_insert.o)
                              ../InterruptsBSP/\libhal_bsp.a(alt_sys_init.o) (alt_dev_llist_insert)
../InterruptsBSP/\libhal_bsp.a(alt_do_ctors.o)
                              ../InterruptsBSP/\libhal_bsp.a(alt_main.o) (_do_ctors)
../InterruptsBSP/\libhal_bsp.a(alt_do_dtors.o)
                              ../InterruptsBSP/\libhal_bsp.a(alt_main.o) (_do_dtors)
../InterruptsBSP/\libhal_bsp.a(alt_errno.o)
                              ../InterruptsBSP/\libhal_bsp.a(alt_close.o) (alt_errno)
../InterruptsBSP/\libhal_bsp.a(alt_find_dev.o)
                              ../InterruptsBSP/\libhal_bsp.a(altera_up_avalon_character_lcd.o) (alt_find_dev)
../InterruptsBSP/\libhal_bsp.a(alt_icache_flush_all.o)
                              ../InterruptsBSP/\libhal_bsp.a(alt_load.o) (alt_icache_flush_all)
../InterruptsBSP/\libhal_bsp.a(alt_io_redirect.o)
                              ../InterruptsBSP/\libhal_bsp.a(alt_main.o) (alt_io_redirect)
../InterruptsBSP/\libhal_bsp.a(alt_irq_entry.o)
                              ../InterruptsBSP/\libhal_bsp.a(alt_irq_register.o) (alt_irq_entry)
../InterruptsBSP/\libhal_bsp.a(alt_irq_handler.o)
                              ../InterruptsBSP/\libhal_bsp.a(alt_irq_register.o) (alt_irq)
../InterruptsBSP/\libhal_bsp.a(alt_open.o)
                              ../InterruptsBSP/\libhal_bsp.a(alt_io_redirect.o) (open)
../InterruptsBSP/\libhal_bsp.a(alt_release_fd.o)
                              ../InterruptsBSP/\libhal_bsp.a(alt_close.o) (alt_release_fd)
../InterruptsBSP/\libhal_bsp.a(alt_tick.o)
                              ../InterruptsBSP/\libhal_bsp.a(altera_avalon_jtag_uart_init.o) (_alt_tick_rate)
[...]
Memory Configuration

Name             Origin             Length             Attributes
reset            0x0000000000000000 0x0000000000000020
SDRAM            0x0000000000000020 0x0000000003ffffe0
VGA_Subsystem_Char_Buf_Subsystem_Onchip_SRAM 0x0000000009000000 0x0000000000002000
*default*        0x0000000000000000 0xffffffffffffffff

Linker script and memory map

LOAD ../InterruptsBSP//obj/HAL/src/crt0.o
LOAD obj/default/HexDisplay.o
LOAD obj/default/InterruptDemo.o
LOAD obj/default/buttonISR.o
LOAD obj/default/lcd.o
LOAD obj/default/seven_seg_bcd.o
LOAD obj/default/seven_seg_hex.o
LOAD obj/default/timerISR.o
LOAD c:/altera/16.0/nios2eds/bin/gnu/h-x86_64-mingw32/bin/../lib/gcc/nios2-elf/5.2.0/../../../../../H-x86_64-mingw32/nios2-elf/lib/mhw-mulx\libstdc++.a
LOAD c:/altera/16.0/nios2eds/bin/gnu/h-x86_64-mingw32/bin/../lib/gcc/nios2-elf/5.2.0/../../../../../H-x86_64-mingw32/nios2-elf/lib/mhw-mulx\libm.a
LOAD c:/altera/16.0/nios2eds/bin/gnu/h-x86_64-mingw32/bin/../lib/gcc/nios2-elf/5.2.0/mhw-mulx\libgcc.a
START GROUP
LOAD c:/altera/16.0/nios2eds/bin/gnu/h-x86_64-mingw32/bin/../lib/gcc/nios2-elf/5.2.0/../../../../../H-x86_64-mingw32/nios2-elf/lib/mhw-mulx\libc.a
LOAD c:/altera/16.0/nios2eds/bin/gnu/h-x86_64-mingw32/bin/../lib/gcc/nios2-elf/5.2.0/mhw-mulx\libgcc.a
LOAD ../InterruptsBSP/\libhal_bsp.a
LOAD c:/altera/16.0/nios2eds/bin/gnu/h-x86_64-mingw32/bin/../lib/gcc/nios2-elf/5.2.0/../../../../../H-x86_64-mingw32/nios2-elf/lib/mhw-mulx\libm.a
END GROUP
LOAD c:/altera/16.0/nios2eds/bin/gnu/h-x86_64-mingw32/bin/../lib/gcc/nios2-elf/5.2.0/mhw-mulx\libgcc.a
                0x0000000000000000                __alt_mem_SDRAM = 0x0
                0x0000000009000000                __alt_mem_VGA_Subsystem_Char_Buf_Subsystem_Onchip_SRAM = 0x9000000

.entry          0x0000000000000000       0x20
 *(.entry)
 .entry         0x0000000000000000       0x20 ../InterruptsBSP//obj/HAL/src/crt0.o
                0x0000000000000000                __reset

.exceptions     0x0000000000000020      0x228
                0x0000000000000020                PROVIDE (__ram_exceptions_start, ABSOLUTE (.))
                0x0000000000000020                . = ALIGN (0x20)
 *(.irq)
 *(.exceptions.entry.label)
 .exceptions.entry.label
                0x0000000000000020        0x0 ../InterruptsBSP/\libhal_bsp.a(alt_irq_entry.o)
                0x0000000000000020                alt_irq_entry
 .exceptions.entry.label
                0x0000000000000020        0x0 ../InterruptsBSP/\libhal_bsp.a(alt_exception_entry.o)
                0x0000000000000020                alt_exception
 *(.exceptions.entry.user)
 *(.exceptions.entry.ecc_fatal)
 *(.exceptions.entry)
 .exceptions.entry
                0x0000000000000020       0x54 ../InterruptsBSP/\libhal_bsp.a(alt_exception_entry.o)
 *(.exceptions.irqtest.user)
 *(.exceptions.irqtest)
 .exceptions.irqtest
                0x0000000000000074       0x10 ../InterruptsBSP/\libhal_bsp.a(alt_irq_entry.o)
 *(.exceptions.irqhandler.user)
 *(.exceptions.irqhandler)
 .exceptions.irqhandler
                0x0000000000000084        0x4 ../InterruptsBSP/\libhal_bsp.a(alt_irq_entry.o)
 *(.exceptions.irqreturn.user)
 *(.exceptions.irqreturn)
 .exceptions.irqreturn
                0x0000000000000088        0x4 ../InterruptsBSP/\libhal_bsp.a(alt_irq_entry.o)
 *(.exceptions.notirq.label)
 .exceptions.notirq.label
                0x000000000000008c        0x0 ../InterruptsBSP/\libhal_bsp.a(alt_irq_entry.o)
 *(.exceptions.notirq.user)
 *(.exceptions.notirq)
 .exceptions.notirq
                0x000000000000008c        0x8 ../InterruptsBSP/\libhal_bsp.a(alt_exception_entry.o)
 *(.exceptions.soft.user)
 *(.exceptions.soft)
 *(.exceptions.unknown.user)
 *(.exceptions.unknown)
 .exceptions.unknown
                0x0000000000000094       0x14 ../InterruptsBSP/\libhal_bsp.a(alt_exception_entry.o)
 *(.exceptions.exit.label)
 .exceptions.exit.label
                0x00000000000000a8        0x0 ../InterruptsBSP/\libhal_bsp.a(alt_irq_entry.o)
 .exceptions.exit.label
                0x00000000000000a8        0x0 ../InterruptsBSP/\libhal_bsp.a(alt_exception_entry.o)
 *(.exceptions.exit.user)
 *(.exceptions.exit)
 .exceptions.exit
                0x00000000000000a8       0x54 ../InterruptsBSP/\libhal_bsp.a(alt_exception_entry.o)
 *(.exceptions)
 .exceptions    0x00000000000000fc       0xd8 ../InterruptsBSP/\libhal_bsp.a(alt_irq_handler.o)
                0x00000000000000fc                alt_irq_handler
 .exceptions    0x00000000000001d4       0x74 ../InterruptsBSP/\libhal_bsp.a(alt_instruction_exception_entry.o)
                0x00000000000001d4                alt_instruction_exception_entry
                0x0000000000000248                PROVIDE (__ram_exceptions_end, ABSOLUTE (.))
                0x0000000000000020                PROVIDE (__flash_exceptions_start, LOADADDR (.exceptions))

.text           0x0000000000000248     0x3ff4
                [!provide]                        PROVIDE (stext, ABSOLUTE (.))
 *(.interp)
 *(.hash)
 *(.dynsym)
 *(.dynstr)
 *(.gnu.version)
 *(.gnu.version_d)
 *(.gnu.version_r)
 *(.rel.init)
 *(.rela.init)
 *(.rel.text .rel.text.* .rel.gnu.linkonce.t.*)
 *(.rela.text .rela.text.* .rela.gnu.linkonce.t.*)
 *(.rel.fini)
 *(.rela.fini)
 *(.rel.rodata .rel.rodata.* .rel.gnu.linkonce.r.*)
 *(.rela.rodata .rela.rodata.* .rela.gnu.linkonce.r.*)
 *(.rel.data .rel.data.* .rel.gnu.linkonce.d.*)
 *(.rela.data .rela.data.* .rela.gnu.linkonce.d.*)
 *(.rel.tdata .rel.tdata.* .rel.gnu.linkonce.td.*)
 *(.rela.tdata .rela.tdata.* .rela.gnu.linkonce.td.*)
 *(.rel.tbss .rel.tbss.* .rel.gnu.linkonce.tb.*)
 *(.rela.tbss .rela.tbss.* .rela.gnu.linkonce.tb.*)
 *(.rel.ctors)
 *(.rela.ctors)
 *(.rel.dtors)
 *(.rela.dtors)
 *(.rel.got)
 *(.rela.got)
 *(.rel.sdata .rel.sdata.* .rel.gnu.linkonce.s.*)
 *(.rela.sdata .rela.sdata.* .rela.gnu.linkonce.s.*)
 *(.rel.sbss .rel.sbss.* .rel.gnu.linkonce.sb.*)
 *(.rela.sbss .rela.sbss.* .rela.gnu.linkonce.sb.*)
 *(.rel.sdata2 .rel.sdata2.* .rel.gnu.linkonce.s2.*)
 *(.rela.sdata2 .rela.sdata2.* .rela.gnu.linkonce.s2.*)
 *(.rel.sbss2 .rel.sbss2.* .rel.gnu.linkonce.sb2.*)
 *(.rela.sbss2 .rela.sbss2.* .rela.gnu.linkonce.sb2.*)
 *(.rel.bss .rel.bss.* .rel.gnu.linkonce.b.*)
 *(.rela.bss .rela.bss.* .rela.gnu.linkonce.b.*)
 *(.rel.plt)
 *(.rela.plt)
 *(.rel.dyn)
 *(.init)
 *(.plt)
 *(.text .stub .text.* .gnu.linkonce.t.*)
 .text          0x0000000000000248       0x3c ../InterruptsBSP//obj/HAL/src/crt0.o
                0x0000000000000248                _start
 .text          0x0000000000000284       0xd4 obj/default/HexDisplay.o
                0x0000000000000284                toggleBCD
                0x00000000000002c8                HexDisplay
 .text          0x0000000000000358       0x64 obj/default/InterruptDemo.o
                0x0000000000000358                main
 .text          0x00000000000003bc       0x94 obj/default/buttonISR.o
                0x00000000000003bc                buttonISR
 .text          0x0000000000000450      0x110 obj/default/lcd.o
                0x0000000000000450                LCD_cursor
                0x00000000000004bc                LCD_text
                0x0000000000000528                LCD_cursor_off
 .text          0x0000000000000560      0x2bc obj/default/seven_seg_bcd.o
                0x0000000000000560                seven_seg_bcd
 .text          0x000000000000081c      0x14c obj/default/seven_seg_hex.o
                0x000000000000081c                seven_seg_hex
 .text          0x0000000000000968       0x7c obj/default/timerISR.o
                0x0000000000000968                timerISR
 .text          0x00000000000009e4        0x0 c:/altera/16.0/nios2eds/bin/gnu/h-x86_64-mingw32/bin/../lib/gcc/nios2-elf/5.2.0/../../../../../H-x86_64-mingw32/nios2-elf/lib/mhw-mulx\libc.a(lib_a-memcpy.o)
 .text.memcpy   0x00000000000009e4      0x148 c:/altera/16.0/nios2eds/bin/gnu/h-x86_64-mingw32/bin/../lib/gcc/nios2-elf/5.2.0/../../../../../H-x86_64-mingw32/nios2-elf/lib/mhw-mulx\libc.a(lib_a-memcpy.o)
                0x00000000000009e4                memcpy
 .text          0x0000000000000b2c      0x1b0 ../InterruptsBSP/\libhal_bsp.a(alt_irq_register.o)
                0x0000000000000b2c                alt_irq_register
 .text          0x0000000000000cdc        0x0 ../InterruptsBSP/\libhal_bsp.a(alt_irq_vars.o)
 .text          0x0000000000000cdc       0xec ../InterruptsBSP/\libhal_bsp.a(alt_load.o)
                0x0000000000000d44                alt_load
 .text          0x0000000000000dc8       0x7c ../InterruptsBSP/\libhal_bsp.a(alt_main.o)
                0x0000000000000dc8                alt_main
 .text          0x0000000000000e44      0x394 ../InterruptsBSP/\libhal_bsp.a(alt_sys_init.o)
                0x0000000000000e7c                alt_irq_init
                0x0000000000000eb4                alt_sys_init
 .text          0x00000000000011d8      0x164 ../InterruptsBSP/\libhal_bsp.a(altera_avalon_jtag_uart_fd.o)
                0x00000000000011d8                altera_avalon_jtag_uart_read_fd
                0x0000000000001238                altera_avalon_jtag_uart_write_fd
                0x0000000000001298                altera_avalon_jtag_uart_close_fd
                0x00000000000012e8                altera_avalon_jtag_uart_ioctl_fd
 .text          0x000000000000133c      0x3dc ../InterruptsBSP/\libhal_bsp.a(altera_avalon_jtag_uart_init.o)
                0x000000000000133c                altera_avalon_jtag_uart_init
                0x00000000000016b0                altera_avalon_jtag_uart_close
 .text          0x0000000000001718       0xf0 ../InterruptsBSP/\libhal_bsp.a(altera_avalon_jtag_uart_ioctl.o)
                0x0000000000001718                altera_avalon_jtag_uart_ioctl
 .text          0x0000000000001808      0x21c ../InterruptsBSP/\libhal_bsp.a(altera_avalon_jtag_uart_read.o)
                0x0000000000001808                altera_avalon_jtag_uart_read
 .text          0x0000000000001a24      0x224 ../InterruptsBSP/\libhal_bsp.a(altera_avalon_jtag_uart_write.o)
                0x0000000000001a24                altera_avalon_jtag_uart_write
 .text          0x0000000000001c48      0x100 ../InterruptsBSP/\libhal_bsp.a(altera_avalon_timer_sc.o)
                0x0000000000001cc4                alt_avalon_timer_sc_init
 .text          0x0000000000001d48      0x4f8 ../InterruptsBSP/\libhal_bsp.a(altera_up_avalon_character_lcd.o)
                0x0000000000001d48                get_DDRAM_addr
                0x0000000000001dbc                alt_up_character_lcd_send_cmd
                0x0000000000001dfc                alt_up_character_lcd_init
                0x0000000000001e34                alt_up_character_lcd_open_dev
                0x0000000000001e74                alt_up_character_lcd_write
                0x0000000000001ef0                alt_up_character_lcd_string
                0x0000000000001f68                alt_up_character_lcd_write_fd
                0x0000000000001fb8                alt_up_character_lcd_set_cursor_pos
                0x000000000000202c                alt_up_character_lcd_shift_cursor
                0x00000000000020b8                alt_up_character_lcd_shift_display
                0x0000000000002144                alt_up_character_lcd_erase_pos
                0x00000000000021d0                alt_up_character_lcd_cursor_off
                0x0000000000002208                alt_up_character_lcd_cursor_blink_on
 .text          0x0000000000002240      0x390 ../InterruptsBSP/\libhal_bsp.a(altera_up_avalon_irda.o)
                0x0000000000002240                alt_up_irda_enable_read_interrupt
                0x000000000000229c                alt_up_irda_disable_read_interrupt
                0x00000000000022fc                alt_up_irda_get_used_space_in_read_FIFO
                0x000000000000233c                alt_up_irda_get_available_space_in_write_FIFO
                0x0000000000002378                alt_up_irda_check_parity
                0x00000000000023bc                alt_up_irda_write_data
                0x00000000000023fc                alt_up_irda_read_data
                0x0000000000002470                alt_up_irda_read_fd
                0x0000000000002500                alt_up_irda_write_fd
                0x0000000000002590                alt_up_irda_open_dev
 .text          0x00000000000025d0      0x6b4 ../InterruptsBSP/\libhal_bsp.a(altera_up_avalon_ps2.o)
                0x00000000000025d0                read_RI_bit
                0x0000000000002604                read_RE_bit
                0x0000000000002634                read_CE_bit
                0x0000000000002668                read_num_bytes_available
                0x0000000000002698                read_data_valid
                0x00000000000026cc                read_data_byte
                0x00000000000026f8                alt_up_ps2_init
                0x00000000000027c0                alt_up_ps2_enable_read_interrupt
                0x000000000000281c                alt_up_ps2_disable_read_interrupt
                0x000000000000287c                alt_up_ps2_write_data_byte
                0x00000000000028f0                alt_up_ps2_wait_for_ack
                0x0000000000002958                alt_up_ps2_write_data_byte_with_ack
                0x00000000000029bc                alt_up_ps2_read_data_byte_timeout
                0x0000000000002a58                alt_up_ps2_read_data_byte
                0x0000000000002ac8                alt_up_ps2_clear_fifo
                0x0000000000002b20                alt_up_ps2_read_fd
                0x0000000000002bac                alt_up_ps2_write_fd
                0x0000000000002c44                alt_up_ps2_open_dev
 .text          0x0000000000002c84      0x394 ../InterruptsBSP/\libhal_bsp.a(altera_up_avalon_rs232.o)
                0x0000000000002c84                alt_up_rs232_enable_read_interrupt
                0x0000000000002ce0                alt_up_rs232_disable_read_interrupt
                0x0000000000002d40                alt_up_rs232_get_used_space_in_read_FIFO
                0x0000000000002d80                alt_up_rs232_get_available_space_in_write_FIFO
                0x0000000000002dbc                alt_up_rs232_check_parity
                0x0000000000002e00                alt_up_rs232_write_data
                0x0000000000002e40                alt_up_rs232_read_data
                0x0000000000002eb4                alt_up_rs232_read_fd
                0x0000000000002f44                alt_up_rs232_write_fd
                0x0000000000002fd8                alt_up_rs232_open_dev
 .text          0x0000000000003018      0x140 ../InterruptsBSP/\libhal_bsp.a(alt_alarm_start.o)
                0x0000000000003018                alt_alarm_start
 .text          0x0000000000003158      0x120 ../InterruptsBSP/\libhal_bsp.a(alt_close.o)
                0x00000000000031a8                close
 .text          0x0000000000003278       0x20 ../InterruptsBSP/\libhal_bsp.a(alt_dcache_flush_all.o)
                0x0000000000003278                alt_dcache_flush_all
 .text          0x0000000000003298       0x2c ../InterruptsBSP/\libhal_bsp.a(alt_dev.o)
 .text          0x00000000000032c4       0xf4 ../InterruptsBSP/\libhal_bsp.a(alt_dev_llist_insert.o)
                0x0000000000003314                alt_dev_llist_insert
 .text          0x00000000000033b8       0x60 ../InterruptsBSP/\libhal_bsp.a(alt_do_ctors.o)
                0x00000000000033b8                _do_ctors
 .text          0x0000000000003418       0x60 ../InterruptsBSP/\libhal_bsp.a(alt_do_dtors.o)
                0x0000000000003418                _do_dtors
 .text          0x0000000000003478        0x0 ../InterruptsBSP/\libhal_bsp.a(alt_errno.o)
 .text          0x0000000000003478       0x90 ../InterruptsBSP/\libhal_bsp.a(alt_find_dev.o)
                0x0000000000003478                alt_find_dev
 .text          0x0000000000003508       0x34 ../InterruptsBSP/\libhal_bsp.a(alt_icache_flush_all.o)
                0x0000000000003508                alt_icache_flush_all
 .text          0x000000000000353c      0x140 ../InterruptsBSP/\libhal_bsp.a(alt_io_redirect.o)
                0x0000000000003600                alt_io_redirect
 .text          0x000000000000367c        0x0 ../InterruptsBSP/\libhal_bsp.a(alt_irq_entry.o)
 .text          0x000000000000367c        0x0 ../InterruptsBSP/\libhal_bsp.a(alt_irq_handler.o)
 .text          0x000000000000367c      0x274 ../InterruptsBSP/\libhal_bsp.a(alt_open.o)
                0x0000000000003798                open
 .text          0x00000000000038f0       0x64 ../InterruptsBSP/\libhal_bsp.a(alt_release_fd.o)
                0x00000000000038f0                alt_release_fd
 .text          0x0000000000003954      0x1a4 ../InterruptsBSP/\libhal_bsp.a(alt_tick.o)
                0x0000000000003954                alt_alarm_stop
                0x00000000000039f0                alt_tick
 .text          0x0000000000003af8       0x24 ../InterruptsBSP/\libhal_bsp.a(altera_nios2_gen2_irq.o)
                0x0000000000003af8                altera_nios2_gen2_irq_init
 .text          0x0000000000003b1c        0x0 ../InterruptsBSP/\libhal_bsp.a(alt_exception_entry.o)
 .text          0x0000000000003b1c      0x114 ../InterruptsBSP/\libhal_bsp.a(alt_find_file.o)
                0x0000000000003b1c                alt_find_file
 .text          0x0000000000003c30       0xb4 ../InterruptsBSP/\libhal_bsp.a(alt_get_fd.o)
                0x0000000000003c30                alt_get_fd
 .text          0x0000000000003ce4       0x90 ../InterruptsBSP/\libhal_bsp.a(alt_icache_flush.o)
                0x0000000000003ce4                alt_icache_flush
 .text          0x0000000000003d74       0x9c ../InterruptsBSP/\libhal_bsp.a(alt_instruction_exception_entry.o)
                0x0000000000003d74                alt_exception_cause_generated_bad_addr
 .text          0x0000000000003e10        0x0 c:/altera/16.0/nios2eds/bin/gnu/h-x86_64-mingw32/bin/../lib/gcc/nios2-elf/5.2.0/../../../../../H-x86_64-mingw32/nios2-elf/lib/mhw-mulx\libc.a(lib_a-atexit.o)
 .text.atexit   0x0000000000003e10       0x14 c:/altera/16.0/nios2eds/bin/gnu/h-x86_64-mingw32/bin/../lib/gcc/nios2-elf/5.2.0/../../../../../H-x86_64-mingw32/nios2-elf/lib/mhw-mulx\libc.a(lib_a-atexit.o)
                0x0000000000003e10                atexit
 .text          0x0000000000003e24        0x0 c:/altera/16.0/nios2eds/bin/gnu/h-x86_64-mingw32/bin/../lib/gcc/nios2-elf/5.2.0/../../../../../H-x86_64-mingw32/nios2-elf/lib/mhw-mulx\libc.a(lib_a-exit.o)
 .text.exit     0x0000000000003e24       0x38 c:/altera/16.0/nios2eds/bin/gnu/h-x86_64-mingw32/bin/../lib/gcc/nios2-elf/5.2.0/../../../../../H-x86_64-mingw32/nios2-elf/lib/mhw-mulx\libc.a(lib_a-exit.o)
                0x0000000000003e24                exit
 .text          0x0000000000003e5c        0x0 c:/altera/16.0/nios2eds/bin/gnu/h-x86_64-mingw32/bin/../lib/gcc/nios2-elf/5.2.0/../../../../../H-x86_64-mingw32/nios2-elf/lib/mhw-mulx\libc.a(lib_a-impure.o)
 .text          0x0000000000003e5c        0x0 c:/altera/16.0/nios2eds/bin/gnu/h-x86_64-mingw32/bin/../lib/gcc/nios2-elf/5.2.0/../../../../../H-x86_64-mingw32/nios2-elf/lib/mhw-mulx\libc.a(lib_a-int_errno.o)
 .text          0x0000000000003e5c        0x0 c:/altera/16.0/nios2eds/bin/gnu/h-x86_64-mingw32/bin/../lib/gcc/nios2-elf/5.2.0/../../../../../H-x86_64-mingw32/nios2-elf/lib/mhw-mulx\libc.a(lib_a-memcmp.o)
 .text.memcmp   0x0000000000003e5c       0x7c c:/altera/16.0/nios2eds/bin/gnu/h-x86_64-mingw32/bin/../lib/gcc/nios2-elf/5.2.0/../../../../../H-x86_64-mingw32/nios2-elf/lib/mhw-mulx\libc.a(lib_a-memcmp.o)
                0x0000000000003e5c                memcmp
 .text          0x0000000000003ed8        0x0 c:/altera/16.0/nios2eds/bin/gnu/h-x86_64-mingw32/bin/../lib/gcc/nios2-elf/5.2.0/../../../../../H-x86_64-mingw32/nios2-elf/lib/mhw-mulx\libc.a(lib_a-strlen.o)
 .text.strlen   0x0000000000003ed8       0x98 c:/altera/16.0/nios2eds/bin/gnu/h-x86_64-mingw32/bin/../lib/gcc/nios2-elf/5.2.0/../../../../../H-x86_64-mingw32/nios2-elf/lib/mhw-mulx\libc.a(lib_a-strlen.o)
                0x0000000000003ed8                strlen
 .text          0x0000000000003f70        0x0 c:/altera/16.0/nios2eds/bin/gnu/h-x86_64-mingw32/bin/../lib/gcc/nios2-elf/5.2.0/../../../../../H-x86_64-mingw32/nios2-elf/lib/mhw-mulx\libc.a(lib_a-__atexit.o)
 .text.__register_exitproc
                0x0000000000003f70      0x118 c:/altera/16.0/nios2eds/bin/gnu/h-x86_64-mingw32/bin/../lib/gcc/nios2-elf/5.2.0/../../../../../H-x86_64-mingw32/nios2-elf/lib/mhw-mulx\libc.a(lib_a-__atexit.o)
                0x0000000000003f70                __register_exitproc
 .text          0x0000000000004088        0x0 c:/altera/16.0/nios2eds/bin/gnu/h-x86_64-mingw32/bin/../lib/gcc/nios2-elf/5.2.0/../../../../../H-x86_64-mingw32/nios2-elf/lib/mhw-mulx\libc.a(lib_a-__call_atexit.o)
 .text.__call_exitprocs
                0x0000000000004088      0x180 c:/altera/16.0/nios2eds/bin/gnu/h-x86_64-mingw32/bin/../lib/gcc/nios2-elf/5.2.0/../../../../../H-x86_64-mingw32/nios2-elf/lib/mhw-mulx\libc.a(lib_a-__call_atexit.o)
                0x0000000000004088                __call_exitprocs
 .text          0x0000000000004208       0x34 ../InterruptsBSP/\libhal_bsp.a(alt_exit.o)
                0x0000000000004208                _exit
 *(.gnu.warning.*)
 *(.fini)
                [!provide]                        PROVIDE (__etext, ABSOLUTE (.))
                [!provide]                        PROVIDE (_etext, ABSOLUTE (.))
                [!provide]                        PROVIDE (etext, ABSOLUTE (.))
 *(.eh_frame_hdr)
                0x000000000000423c                . = ALIGN (0x4)
                [!provide]                        PROVIDE (__preinit_array_start, ABSOLUTE (.))
 *(.preinit_array)
                [!provide]                        PROVIDE (__preinit_array_end, ABSOLUTE (.))
                [!provide]                        PROVIDE (__init_array_start, ABSOLUTE (.))
 *(.init_array)
                [!provide]                        PROVIDE (__init_array_end, ABSOLUTE (.))
                [!provide]                        PROVIDE (__fini_array_start, ABSOLUTE (.))
 *(.fini_array)
                [!provide]                        PROVIDE (__fini_array_end, ABSOLUTE (.))
 *(.eh_frame)
 *(.gcc_except_table .gcc_except_table.*)
 *(.dynamic)
                0x000000000000423c                PROVIDE (__CTOR_LIST__, ABSOLUTE (.))
 *(.ctors)
 *(SORT(.ctors.*))
                0x000000000000423c                PROVIDE (__CTOR_END__, ABSOLUTE (.))
                0x000000000000423c                PROVIDE (__DTOR_LIST__, ABSOLUTE (.))
 *(.dtors)
 *(SORT(.dtors.*))
                0x000000000000423c                PROVIDE (__DTOR_END__, ABSOLUTE (.))
 *(.jcr)
                0x000000000000423c                . = ALIGN (0x4)

.rodata         0x000000000000423c      0x184
                0x000000000000423c                PROVIDE (__ram_rodata_start, ABSOLUTE (.))
                0x000000000000423c                . = ALIGN (0x4)
 *(.rodata .rodata.* .gnu.linkonce.r.*)
 .rodata        0x000000000000423c       0x10 obj/default/seven_seg_hex.o
 .rodata        0x000000000000424c        0xf ../InterruptsBSP/\libhal_bsp.a(alt_main.o)
 *fill*         0x000000000000425b        0x1 
 .rodata        0x000000000000425c      0x151 ../InterruptsBSP/\libhal_bsp.a(alt_sys_init.o)
 *fill*         0x00000000000043ad        0x3 
 .rodata        0x00000000000043b0        0xa ../InterruptsBSP/\libhal_bsp.a(alt_dev.o)
 *fill*         0x00000000000043ba        0x2 
 .rodata.str1.4
                0x00000000000043bc        0x4 c:/altera/16.0/nios2eds/bin/gnu/h-x86_64-mingw32/bin/../lib/gcc/nios2-elf/5.2.0/../../../../../H-x86_64-mingw32/nios2-elf/lib/mhw-mulx\libc.a(lib_a-impure.o)
                                          0x2 (size before relaxing)
 *(.rodata1)
                0x00000000000043c0                . = ALIGN (0x4)
                0x00000000000043c0                PROVIDE (__ram_rodata_end, ABSOLUTE (.))
                0x000000000000423c                PROVIDE (__flash_rodata_start, LOADADDR (.rodata))

.rwdata         0x00000000000043c0     0x1994 load address 0x0000000000005d54
                0x00000000000043c0                PROVIDE (__ram_rwdata_start, ABSOLUTE (.))
                0x00000000000043c0                . = ALIGN (0x4)
 *(.got.plt)
 *(.got)
 *(.data1)
 *(.data .data.* .gnu.linkonce.d.*)
 .data          0x00000000000043c0        0x0 ../InterruptsBSP//obj/HAL/src/crt0.o
 .data          0x00000000000043c0        0x0 obj/default/HexDisplay.o
 .data          0x00000000000043c0        0x0 obj/default/InterruptDemo.o
 .data          0x00000000000043c0        0x0 obj/default/buttonISR.o
 .data          0x00000000000043c0        0x0 obj/default/lcd.o
 .data          0x00000000000043c0        0x0 obj/default/seven_seg_bcd.o
 .data          0x00000000000043c0        0x0 obj/default/seven_seg_hex.o
 .data          0x00000000000043c0        0x0 obj/default/timerISR.o
 .data          0x00000000000043c0        0x0 c:/altera/16.0/nios2eds/bin/gnu/h-x86_64-mingw32/bin/../lib/gcc/nios2-elf/5.2.0/../../../../../H-x86_64-mingw32/nios2-elf/lib/mhw-mulx\libc.a(lib_a-memcpy.o)
 .data          0x00000000000043c0        0x0 ../InterruptsBSP/\libhal_bsp.a(alt_irq_register.o)
 .data          0x00000000000043c0        0x0 ../InterruptsBSP/\libhal_bsp.a(alt_irq_vars.o)
 .data          0x00000000000043c0        0x0 ../InterruptsBSP/\libhal_bsp.a(alt_load.o)
 .data          0x00000000000043c0        0x0 ../InterruptsBSP/\libhal_bsp.a(alt_main.o)
 .data          0x00000000000043c0     0x139c ../InterruptsBSP/\libhal_bsp.a(alt_sys_init.o)
 .data          0x000000000000575c        0x0 ../InterruptsBSP/\libhal_bsp.a(altera_avalon_jtag_uart_fd.o)
 .data          0x000000000000575c        0x0 ../InterruptsBSP/\libhal_bsp.a(altera_avalon_jtag_uart_init.o)
 .data          0x000000000000575c        0x0 ../InterruptsBSP/\libhal_bsp.a(altera_avalon_jtag_uart_ioctl.o)
 .data          0x000000000000575c        0x0 ../InterruptsBSP/\libhal_bsp.a(altera_avalon_jtag_uart_read.o)
 .data          0x000000000000575c        0x0 ../InterruptsBSP/\libhal_bsp.a(altera_avalon_jtag_uart_write.o)
 .data          0x000000000000575c        0x0 ../InterruptsBSP/\libhal_bsp.a(altera_avalon_timer_sc.o)
 .data          0x000000000000575c        0x0 ../InterruptsBSP/\libhal_bsp.a(altera_up_avalon_character_lcd.o)
 .data          0x000000000000575c        0x0 ../InterruptsBSP/\libhal_bsp.a(altera_up_avalon_irda.o)
 .data          0x000000000000575c        0x0 ../InterruptsBSP/\libhal_bsp.a(altera_up_avalon_ps2.o)
 .data          0x000000000000575c        0x0 ../InterruptsBSP/\libhal_bsp.a(altera_up_avalon_rs232.o)
 .data          0x000000000000575c        0x0 ../InterruptsBSP/\libhal_bsp.a(alt_alarm_start.o)
 .data          0x000000000000575c        0x0 ../InterruptsBSP/\libhal_bsp.a(alt_close.o)
 .data          0x000000000000575c        0x0 ../InterruptsBSP/\libhal_bsp.a(alt_dcache_flush_all.o)
 .data          0x000000000000575c      0x1a8 ../InterruptsBSP/\libhal_bsp.a(alt_dev.o)
                0x000000000000575c                alt_dev_null
                0x0000000000005784                alt_fd_list
 .data          0x0000000000005904        0x0 ../InterruptsBSP/\libhal_bsp.a(alt_dev_llist_insert.o)
 .data          0x0000000000005904        0x0 ../InterruptsBSP/\libhal_bsp.a(alt_do_ctors.o)
 .data          0x0000000000005904        0x0 ../InterruptsBSP/\libhal_bsp.a(alt_do_dtors.o)
 .data          0x0000000000005904        0x0 ../InterruptsBSP/\libhal_bsp.a(alt_errno.o)
 .data          0x0000000000005904        0x0 ../InterruptsBSP/\libhal_bsp.a(alt_find_dev.o)
 .data          0x0000000000005904        0x0 ../InterruptsBSP/\libhal_bsp.a(alt_icache_flush_all.o)
 .data          0x0000000000005904        0x0 ../InterruptsBSP/\libhal_bsp.a(alt_io_redirect.o)
 .data          0x0000000000005904        0x0 ../InterruptsBSP/\libhal_bsp.a(alt_irq_entry.o)
 .data          0x0000000000005904        0x0 ../InterruptsBSP/\libhal_bsp.a(alt_irq_handler.o)
 .data          0x0000000000005904        0x0 ../InterruptsBSP/\libhal_bsp.a(alt_open.o)
 .data          0x0000000000005904        0x0 ../InterruptsBSP/\libhal_bsp.a(alt_release_fd.o)
 .data          0x0000000000005904        0x0 ../InterruptsBSP/\libhal_bsp.a(alt_tick.o)
 .data          0x0000000000005904        0x0 ../InterruptsBSP/\libhal_bsp.a(altera_nios2_gen2_irq.o)
 .data          0x0000000000005904        0x0 ../InterruptsBSP/\libhal_bsp.a(alt_exception_entry.o)
 .data          0x0000000000005904        0x0 ../InterruptsBSP/\libhal_bsp.a(alt_find_file.o)
 .data          0x0000000000005904        0x0 ../InterruptsBSP/\libhal_bsp.a(alt_get_fd.o)
 .data          0x0000000000005904        0x0 ../InterruptsBSP/\libhal_bsp.a(alt_icache_flush.o)
 .data          0x0000000000005904        0x0 ../InterruptsBSP/\libhal_bsp.a(alt_instruction_exception_entry.o)
 .data          0x0000000000005904        0x0 c:/altera/16.0/nios2eds/bin/gnu/h-x86_64-mingw32/bin/../lib/gcc/nios2-elf/5.2.0/../../../../../H-x86_64-mingw32/nios2-elf/lib/mhw-mulx\libc.a(lib_a-atexit.o)
 .data          0x0000000000005904        0x0 c:/altera/16.0/nios2eds/bin/gnu/h-x86_64-mingw32/bin/../lib/gcc/nios2-elf/5.2.0/../../../../../H-x86_64-mingw32/nios2-elf/lib/mhw-mulx\libc.a(lib_a-exit.o)
 .data          0x0000000000005904        0x0 c:/altera/16.0/nios2eds/bin/gnu/h-x86_64-mingw32/bin/../lib/gcc/nios2-elf/5.2.0/../../../../../H-x86_64-mingw32/nios2-elf/lib/mhw-mulx\libc.a(lib_a-impure.o)
 .data.impure_data
                0x0000000000005904      0x424 c:/altera/16.0/nios2eds/bin/gnu/h-x86_64-mingw32/bin/../lib/gcc/nios2-elf/5.2.0/../../../../../H-x86_64-mingw32/nios2-elf/lib/mhw-mulx\libc.a(lib_a-impure.o)
 .data          0x0000000000005d28        0x0 c:/altera/16.0/nios2eds/bin/gnu/h-x86_64-mingw32/bin/../lib/gcc/nios2-elf/5.2.0/../../../../../H-x86_64-mingw32/nios2-elf/lib/mhw-mulx\libc.a(lib_a-int_errno.o)
 .data          0x0000000000005d28        0x0 c:/altera/16.0/nios2eds/bin/gnu/h-x86_64-mingw32/bin/../lib/gcc/nios2-elf/5.2.0/../../../../../H-x86_64-mingw32/nios2-elf/lib/mhw-mulx\libc.a(lib_a-memcmp.o)
 .data          0x0000000000005d28        0x0 c:/altera/16.0/nios2eds/bin/gnu/h-x86_64-mingw32/bin/../lib/gcc/nios2-elf/5.2.0/../../../../../H-x86_64-mingw32/nios2-elf/lib/mhw-mulx\libc.a(lib_a-strlen.o)
 .data          0x0000000000005d28        0x0 c:/altera/16.0/nios2eds/bin/gnu/h-x86_64-mingw32/bin/../lib/gcc/nios2-elf/5.2.0/../../../../../H-x86_64-mingw32/nios2-elf/lib/mhw-mulx\libc.a(lib_a-__atexit.o)
 .data          0x0000000000005d28        0x0 c:/altera/16.0/nios2eds/bin/gnu/h-x86_64-mingw32/bin/../lib/gcc/nios2-elf/5.2.0/../../../../../H-x86_64-mingw32/nios2-elf/lib/mhw-mulx\libc.a(lib_a-__call_atexit.o)
 .data          0x0000000000005d28        0x0 ../InterruptsBSP/\libhal_bsp.a(alt_exit.o)
                0x000000000000dd28                _gp = ABSOLUTE ((. + 0x8000))
                [!provide]                        PROVIDE (gp, _gp)
 *(.rwdata .rwdata.*)
 *(.sdata .sdata.* .gnu.linkonce.s.*)
 .sdata         0x0000000000005d28        0x4 ../InterruptsBSP/\libhal_bsp.a(alt_irq_vars.o)
                0x0000000000005d28                alt_priority_mask
 .sdata         0x0000000000005d2c       0x14 ../InterruptsBSP/\libhal_bsp.a(alt_dev.o)
                0x0000000000005d2c                alt_fs_list
                0x0000000000005d34                alt_dev_list
                0x0000000000005d3c                alt_max_fd
 .sdata         0x0000000000005d40        0x4 ../InterruptsBSP/\libhal_bsp.a(alt_errno.o)
                0x0000000000005d40                alt_errno
 .sdata         0x0000000000005d44        0x8 ../InterruptsBSP/\libhal_bsp.a(alt_tick.o)
                0x0000000000005d44                alt_alarm_list
 .sdata._global_impure_ptr
                0x0000000000005d4c        0x4 c:/altera/16.0/nios2eds/bin/gnu/h-x86_64-mingw32/bin/../lib/gcc/nios2-elf/5.2.0/../../../../../H-x86_64-mingw32/nios2-elf/lib/mhw-mulx\libc.a(lib_a-impure.o)
                0x0000000000005d4c                _global_impure_ptr
 .sdata._impure_ptr
                0x0000000000005d50        0x4 c:/altera/16.0/nios2eds/bin/gnu/h-x86_64-mingw32/bin/../lib/gcc/nios2-elf/5.2.0/../../../../../H-x86_64-mingw32/nios2-elf/lib/mhw-mulx\libc.a(lib_a-impure.o)
                0x0000000000005d50                _impure_ptr
 *(.sdata2 .sdata2.* .gnu.linkonce.s2.*)
                0x0000000000005d54                . = ALIGN (0x4)
                0x0000000000005d54                _edata = ABSOLUTE (.)
                [!provide]                        PROVIDE (edata, ABSOLUTE (.))
                0x0000000000005d54                PROVIDE (__ram_rwdata_end, ABSOLUTE (.))
                0x0000000000005d54                PROVIDE (__flash_rwdata_start, LOADADDR (.rwdata))

.bss            0x00000000000076e8      0x12c
                0x00000000000076e8                __bss_start = ABSOLUTE (.)
                [!provide]                        PROVIDE (__sbss_start, ABSOLUTE (.))
                [!provide]                        PROVIDE (___sbss_start, ABSOLUTE (.))
 *(.dynsbss)
 *(.sbss .sbss.* .gnu.linkonce.sb.*)
 .sbss          0x00000000000076e8        0x1 obj/default/HexDisplay.o
                0x00000000000076e8                display_as_bcd
 *fill*         0x00000000000076e9        0x3 
 .sbss          0x00000000000076ec        0x5 obj/default/InterruptDemo.o
                0x00000000000076f0                leading_zeros
 *fill*         0x00000000000076f1        0x3 
 .sbss          0x00000000000076f4        0x4 ../InterruptsBSP/\libhal_bsp.a(alt_irq_vars.o)
                0x00000000000076f4                alt_irq_active
 .sbss          0x00000000000076f8        0xc ../InterruptsBSP/\libhal_bsp.a(alt_main.o)
                0x00000000000076f8                alt_argc
                0x00000000000076fc                alt_argv
                0x0000000000007700                alt_envp
 .sbss          0x0000000000007704        0x8 ../InterruptsBSP/\libhal_bsp.a(alt_tick.o)
                0x0000000000007704                _alt_tick_rate
                0x0000000000007708                _alt_nticks
 .sbss          0x000000000000770c        0x4 ../InterruptsBSP/\libhal_bsp.a(alt_instruction_exception_entry.o)
                0x000000000000770c                alt_instruction_exception_handler
 .sbss          0x0000000000007710        0x4 c:/altera/16.0/nios2eds/bin/gnu/h-x86_64-mingw32/bin/../lib/gcc/nios2-elf/5.2.0/../../../../../H-x86_64-mingw32/nios2-elf/lib/mhw-mulx\libc.a(lib_a-int_errno.o)
                0x0000000000007710                errno
 *(.sbss2 .sbss2.* .gnu.linkonce.sb2.*)
 *(.scommon)
                [!provide]                        PROVIDE (__sbss_end, ABSOLUTE (.))
                [!provide]                        PROVIDE (___sbss_end, ABSOLUTE (.))
 *(.dynbss)
 *(.bss .bss.* .gnu.linkonce.b.*)
 .bss           0x0000000000007714        0x0 ../InterruptsBSP//obj/HAL/src/crt0.o
 .bss           0x0000000000007714        0x0 obj/default/HexDisplay.o
 .bss           0x0000000000007714        0x0 obj/default/InterruptDemo.o
 .bss           0x0000000000007714        0x0 obj/default/buttonISR.o
 .bss           0x0000000000007714        0x0 obj/default/lcd.o
 .bss           0x0000000000007714        0x0 obj/default/seven_seg_bcd.o
 .bss           0x0000000000007714        0x0 obj/default/seven_seg_hex.o
 .bss           0x0000000000007714        0x0 obj/default/timerISR.o
 .bss           0x0000000000007714        0x0 c:/altera/16.0/nios2eds/bin/gnu/h-x86_64-mingw32/bin/../lib/gcc/nios2-elf/5.2.0/../../../../../H-x86_64-mingw32/nios2-elf/lib/mhw-mulx\libc.a(lib_a-memcpy.o)
 .bss           0x0000000000007714        0x0 ../InterruptsBSP/\libhal_bsp.a(alt_irq_register.o)
 .bss           0x0000000000007714        0x0 ../InterruptsBSP/\libhal_bsp.a(alt_irq_vars.o)
 .bss           0x0000000000007714        0x0 ../InterruptsBSP/\libhal_bsp.a(alt_load.o)
 .bss           0x0000000000007714        0x0 ../InterruptsBSP/\libhal_bsp.a(alt_main.o)
 .bss           0x0000000000007714        0x0 ../InterruptsBSP/\libhal_bsp.a(alt_sys_init.o)
 .bss           0x0000000000007714        0x0 ../InterruptsBSP/\libhal_bsp.a(altera_avalon_jtag_uart_fd.o)
 .bss           0x0000000000007714        0x0 ../InterruptsBSP/\libhal_bsp.a(altera_avalon_jtag_uart_init.o)
 .bss           0x0000000000007714        0x0 ../InterruptsBSP/\libhal_bsp.a(altera_avalon_jtag_uart_ioctl.o)
 .bss           0x0000000000007714        0x0 ../InterruptsBSP/\libhal_bsp.a(altera_avalon_jtag_uart_read.o)
 .bss           0x0000000000007714        0x0 ../InterruptsBSP/\libhal_bsp.a(altera_avalon_jtag_uart_write.o)
 .bss           0x0000000000007714        0x0 ../InterruptsBSP/\libhal_bsp.a(altera_avalon_timer_sc.o)
 .bss           0x0000000000007714        0x0 ../InterruptsBSP/\libhal_bsp.a(altera_up_avalon_character_lcd.o)
 .bss           0x0000000000007714        0x0 ../InterruptsBSP/\libhal_bsp.a(altera_up_avalon_irda.o)
 .bss           0x0000000000007714        0x0 ../InterruptsBSP/\libhal_bsp.a(altera_up_avalon_ps2.o)
 .bss           0x0000000000007714        0x0 ../InterruptsBSP/\libhal_bsp.a(altera_up_avalon_rs232.o)
 .bss           0x0000000000007714        0x0 ../InterruptsBSP/\libhal_bsp.a(alt_alarm_start.o)
 .bss           0x0000000000007714        0x0 ../InterruptsBSP/\libhal_bsp.a(alt_close.o)
 .bss           0x0000000000007714        0x0 ../InterruptsBSP/\libhal_bsp.a(alt_dcache_flush_all.o)
 .bss           0x0000000000007714        0x0 ../InterruptsBSP/\libhal_bsp.a(alt_dev.o)
 .bss           0x0000000000007714        0x0 ../InterruptsBSP/\libhal_bsp.a(alt_dev_llist_insert.o)
 .bss           0x0000000000007714        0x0 ../InterruptsBSP/\libhal_bsp.a(alt_do_ctors.o)
 .bss           0x0000000000007714        0x0 ../InterruptsBSP/\libhal_bsp.a(alt_do_dtors.o)
 .bss           0x0000000000007714        0x0 ../InterruptsBSP/\libhal_bsp.a(alt_errno.o)
 .bss           0x0000000000007714        0x0 ../InterruptsBSP/\libhal_bsp.a(alt_find_dev.o)
 .bss           0x0000000000007714        0x0 ../InterruptsBSP/\libhal_bsp.a(alt_icache_flush_all.o)
 .bss           0x0000000000007714        0x0 ../InterruptsBSP/\libhal_bsp.a(alt_io_redirect.o)
 .bss           0x0000000000007714        0x0 ../InterruptsBSP/\libhal_bsp.a(alt_irq_entry.o)
 .bss           0x0000000000007714        0x0 ../InterruptsBSP/\libhal_bsp.a(alt_irq_handler.o)
 .bss           0x0000000000007714        0x0 ../InterruptsBSP/\libhal_bsp.a(alt_open.o)
 .bss           0x0000000000007714        0x0 ../InterruptsBSP/\libhal_bsp.a(alt_release_fd.o)
 .bss           0x0000000000007714        0x0 ../InterruptsBSP/\libhal_bsp.a(alt_tick.o)
 .bss           0x0000000000007714        0x0 ../InterruptsBSP/\libhal_bsp.a(altera_nios2_gen2_irq.o)
 .bss           0x0000000000007714        0x0 ../InterruptsBSP/\libhal_bsp.a(alt_exception_entry.o)
 .bss           0x0000000000007714        0x0 ../InterruptsBSP/\libhal_bsp.a(alt_find_file.o)
 .bss           0x0000000000007714        0x0 ../InterruptsBSP/\libhal_bsp.a(alt_get_fd.o)
 .bss           0x0000000000007714        0x0 ../InterruptsBSP/\libhal_bsp.a(alt_icache_flush.o)
 .bss           0x0000000000007714        0x0 ../InterruptsBSP/\libhal_bsp.a(alt_instruction_exception_entry.o)
 .bss           0x0000000000007714        0x0 c:/altera/16.0/nios2eds/bin/gnu/h-x86_64-mingw32/bin/../lib/gcc/nios2-elf/5.2.0/../../../../../H-x86_64-mingw32/nios2-elf/lib/mhw-mulx\libc.a(lib_a-atexit.o)
 .bss           0x0000000000007714        0x0 c:/altera/16.0/nios2eds/bin/gnu/h-x86_64-mingw32/bin/../lib/gcc/nios2-elf/5.2.0/../../../../../H-x86_64-mingw32/nios2-elf/lib/mhw-mulx\libc.a(lib_a-exit.o)
 .bss           0x0000000000007714        0x0 c:/altera/16.0/nios2eds/bin/gnu/h-x86_64-mingw32/bin/../lib/gcc/nios2-elf/5.2.0/../../../../../H-x86_64-mingw32/nios2-elf/lib/mhw-mulx\libc.a(lib_a-impure.o)
 .bss           0x0000000000007714        0x0 c:/altera/16.0/nios2eds/bin/gnu/h-x86_64-mingw32/bin/../lib/gcc/nios2-elf/5.2.0/../../../../../H-x86_64-mingw32/nios2-elf/lib/mhw-mulx\libc.a(lib_a-int_errno.o)
 .bss           0x0000000000007714        0x0 c:/altera/16.0/nios2eds/bin/gnu/h-x86_64-mingw32/bin/../lib/gcc/nios2-elf/5.2.0/../../../../../H-x86_64-mingw32/nios2-elf/lib/mhw-mulx\libc.a(lib_a-memcmp.o)
 .bss           0x0000000000007714        0x0 c:/altera/16.0/nios2eds/bin/gnu/h-x86_64-mingw32/bin/../lib/gcc/nios2-elf/5.2.0/../../../../../H-x86_64-mingw32/nios2-elf/lib/mhw-mulx\libc.a(lib_a-strlen.o)
 .bss           0x0000000000007714        0x0 c:/altera/16.0/nios2eds/bin/gnu/h-x86_64-mingw32/bin/../lib/gcc/nios2-elf/5.2.0/../../../../../H-x86_64-mingw32/nios2-elf/lib/mhw-mulx\libc.a(lib_a-__atexit.o)
 .bss           0x0000000000007714        0x0 c:/altera/16.0/nios2eds/bin/gnu/h-x86_64-mingw32/bin/../lib/gcc/nios2-elf/5.2.0/../../../../../H-x86_64-mingw32/nios2-elf/lib/mhw-mulx\libc.a(lib_a-__call_atexit.o)
 .bss           0x0000000000007714        0x0 ../InterruptsBSP/\libhal_bsp.a(alt_exit.o)
 *(COMMON)
 COMMON         0x0000000000007714      0x100 ../InterruptsBSP/\libhal_bsp.a(alt_irq_handler.o)
                0x0000000000007714                alt_irq
                0x0000000000007814                . = ALIGN (0x4)
                0x0000000000007814                __bss_end = ABSOLUTE (.)

.SDRAM          0x0000000000007814        0x0
                [!provide]                        PROVIDE (_alt_partition_SDRAM_start, ABSOLUTE (.))
 *(.SDRAM .SDRAM. SDRAM.*)
                0x0000000000007814                . = ALIGN (0x4)
                [!provide]                        PROVIDE (_alt_partition_SDRAM_end, ABSOLUTE (.))
                0x0000000000007814                _end = ABSOLUTE (.)
                0x0000000000007814                end = ABSOLUTE (.)
                0x0000000000007814                __alt_stack_base = ABSOLUTE (.)
                [!provide]                        PROVIDE (_alt_partition_SDRAM_load_addr, LOADADDR (.SDRAM))

.VGA_Subsystem_Char_Buf_Subsystem_Onchip_SRAM
                0x0000000009000000        0x0 load address 0x0000000000007814
                [!provide]                        PROVIDE (_alt_partition_VGA_Subsystem_Char_Buf_Subsystem_Onchip_SRAM_start, ABSOLUTE (.))
 *(.VGA_Subsystem_Char_Buf_Subsystem_Onchip_SRAM .VGA_Subsystem_Char_Buf_Subsystem_Onchip_SRAM. VGA_Subsystem_Char_Buf_Subsystem_Onchip_SRAM.*)
                0x0000000009000000                . = ALIGN (0x4)
                [!provide]                        PROVIDE (_alt_partition_VGA_Subsystem_Char_Buf_Subsystem_Onchip_SRAM_end, ABSOLUTE (.))
                [!provide]                        PROVIDE (_alt_partition_VGA_Subsystem_Char_Buf_Subsystem_Onchip_SRAM_load_addr, LOADADDR (.VGA_Subsystem_Char_Buf_Subsystem_Onchip_SRAM))

.stab
 *(.stab)

.stabstr
 *(.stabstr)

.stab.excl
 *(.stab.excl)

.stab.exclstr
 *(.stab.exclstr)

.stab.index
 *(.stab.index)

.stab.indexstr
 *(.stab.indexstr)

.comment        0x0000000000000000       0x23
 *(.comment)
 .comment       0x0000000000000000       0x23 obj/default/HexDisplay.o
                                         0x24 (size before relaxing)
 .comment       0x0000000000000023       0x24 obj/default/InterruptDemo.o
 .comment       0x0000000000000023       0x24 obj/default/buttonISR.o
 .comment       0x0000000000000023       0x24 obj/default/lcd.o
 .comment       0x0000000000000023       0x24 obj/default/seven_seg_bcd.o
 .comment       0x0000000000000023       0x24 obj/default/seven_seg_hex.o
 .comment       0x0000000000000023       0x24 obj/default/timerISR.o
 .comment       0x0000000000000023       0x24 c:/altera/16.0/nios2eds/bin/gnu/h-x86_64-mingw32/bin/../lib/gcc/nios2-elf/5.2.0/../../../../../H-x86_64-mingw32/nios2-elf/lib/mhw-mulx\libc.a(lib_a-memcpy.o)
 .comment       0x0000000000000023       0x24 ../InterruptsBSP/\libhal_bsp.a(alt_irq_register.o)
 .comment       0x0000000000000023       0x24 ../InterruptsBSP/\libhal_bsp.a(alt_irq_vars.o)
 .comment       0x0000000000000023       0x24 ../InterruptsBSP/\libhal_bsp.a(alt_load.o)
 .comment       0x0000000000000023       0x24 ../InterruptsBSP/\libhal_bsp.a(alt_main.o)
 .comment       0x0000000000000023       0x24 ../InterruptsBSP/\libhal_bsp.a(alt_sys_init.o)
 .comment       0x0000000000000023       0x24 ../InterruptsBSP/\libhal_bsp.a(altera_avalon_jtag_uart_fd.o)
 .comment       0x0000000000000023       0x24 ../InterruptsBSP/\libhal_bsp.a(altera_avalon_jtag_uart_init.o)
 .comment       0x0000000000000023       0x24 ../InterruptsBSP/\libhal_bsp.a(altera_avalon_jtag_uart_ioctl.o)
 .comment       0x0000000000000023       0x24 ../InterruptsBSP/\libhal_bsp.a(altera_avalon_jtag_uart_read.o)
 .comment       0x0000000000000023       0x24 ../InterruptsBSP/\libhal_bsp.a(altera_avalon_jtag_uart_write.o)
 .comment       0x0000000000000023       0x24 ../InterruptsBSP/\libhal_bsp.a(altera_avalon_timer_sc.o)
 .comment       0x0000000000000023       0x24 ../InterruptsBSP/\libhal_bsp.a(altera_up_avalon_character_lcd.o)
 .comment       0x0000000000000023       0x24 ../InterruptsBSP/\libhal_bsp.a(altera_up_avalon_irda.o)
 .comment       0x0000000000000023       0x24 ../InterruptsBSP/\libhal_bsp.a(altera_up_avalon_ps2.o)
 .comment       0x0000000000000023       0x24 ../InterruptsBSP/\libhal_bsp.a(altera_up_avalon_rs232.o)
 .comment       0x0000000000000023       0x24 ../InterruptsBSP/\libhal_bsp.a(alt_alarm_start.o)
 .comment       0x0000000000000023       0x24 ../InterruptsBSP/\libhal_bsp.a(alt_close.o)
 .comment       0x0000000000000023       0x24 ../InterruptsBSP/\libhal_bsp.a(alt_dcache_flush_all.o)
 .comment       0x0000000000000023       0x24 ../InterruptsBSP/\libhal_bsp.a(alt_dev.o)
 .comment       0x0000000000000023       0x24 ../InterruptsBSP/\libhal_bsp.a(alt_dev_llist_insert.o)
 .comment       0x0000000000000023       0x24 ../InterruptsBSP/\libhal_bsp.a(alt_do_ctors.o)
 .comment       0x0000000000000023       0x24 ../InterruptsBSP/\libhal_bsp.a(alt_do_dtors.o)
 .comment       0x0000000000000023       0x24 ../InterruptsBSP/\libhal_bsp.a(alt_errno.o)
 .comment       0x0000000000000023       0x24 ../InterruptsBSP/\libhal_bsp.a(alt_find_dev.o)
 .comment       0x0000000000000023       0x24 ../InterruptsBSP/\libhal_bsp.a(alt_icache_flush_all.o)
 .comment       0x0000000000000023       0x24 ../InterruptsBSP/\libhal_bsp.a(alt_io_redirect.o)
 .comment       0x0000000000000023       0x24 ../InterruptsBSP/\libhal_bsp.a(alt_irq_handler.o)
 .comment       0x0000000000000023       0x24 ../InterruptsBSP/\libhal_bsp.a(alt_open.o)
 .comment       0x0000000000000023       0x24 ../InterruptsBSP/\libhal_bsp.a(alt_release_fd.o)
 .comment       0x0000000000000023       0x24 ../InterruptsBSP/\libhal_bsp.a(alt_tick.o)
 .comment       0x0000000000000023       0x24 ../InterruptsBSP/\libhal_bsp.a(altera_nios2_gen2_irq.o)
 .comment       0x0000000000000023       0x24 ../InterruptsBSP/\libhal_bsp.a(alt_find_file.o)
 .comment       0x0000000000000023       0x24 ../InterruptsBSP/\libhal_bsp.a(alt_get_fd.o)
 .comment       0x0000000000000023       0x24 ../InterruptsBSP/\libhal_bsp.a(alt_icache_flush.o)
 .comment       0x0000000000000023       0x24 ../InterruptsBSP/\libhal_bsp.a(alt_instruction_exception_entry.o)
 .comment       0x0000000000000023       0x24 c:/altera/16.0/nios2eds/bin/gnu/h-x86_64-mingw32/bin/../lib/gcc/nios2-elf/5.2.0/../../../../../H-x86_64-mingw32/nios2-elf/lib/mhw-mulx\libc.a(lib_a-atexit.o)
 .comment       0x0000000000000023       0x24 c:/altera/16.0/nios2eds/bin/gnu/h-x86_64-mingw32/bin/../lib/gcc/nios2-elf/5.2.0/../../../../../H-x86_64-mingw32/nios2-elf/lib/mhw-mulx\libc.a(lib_a-exit.o)
 .comment       0x0000000000000023       0x24 c:/altera/16.0/nios2eds/bin/gnu/h-x86_64-mingw32/bin/../lib/gcc/nios2-elf/5.2.0/../../../../../H-x86_64-mingw32/nios2-elf/lib/mhw-mulx\libc.a(lib_a-impure.o)
 .comment       0x0000000000000023       0x24 c:/altera/16.0/nios2eds/bin/gnu/h-x86_64-mingw32/bin/../lib/gcc/nios2-elf/5.2.0/../../../../../H-x86_64-mingw32/nios2-elf/lib/mhw-mulx\libc.a(lib_a-int_errno.o)
 .comment       0x0000000000000023       0x24 c:/altera/16.0/nios2eds/bin/gnu/h-x86_64-mingw32/bin/../lib/gcc/nios2-elf/5.2.0/../../../../../H-x86_64-mingw32/nios2-elf/lib/mhw-mulx\libc.a(lib_a-memcmp.o)
 .comment       0x0000000000000023       0x24 c:/altera/16.0/nios2eds/bin/gnu/h-x86_64-mingw32/bin/../lib/gcc/nios2-elf/5.2.0/../../../../../H-x86_64-mingw32/nios2-elf/lib/mhw-mulx\libc.a(lib_a-strlen.o)
 .comment       0x0000000000000023       0x24 c:/altera/16.0/nios2eds/bin/gnu/h-x86_64-mingw32/bin/../lib/gcc/nios2-elf/5.2.0/../../../../../H-x86_64-mingw32/nios2-elf/lib/mhw-mulx\libc.a(lib_a-__atexit.o)
 .comment       0x0000000000000023       0x24 c:/altera/16.0/nios2eds/bin/gnu/h-x86_64-mingw32/bin/../lib/gcc/nios2-elf/5.2.0/../../../../../H-x86_64-mingw32/nios2-elf/lib/mhw-mulx\libc.a(lib_a-__call_atexit.o)
 .comment       0x0000000000000023       0x24 ../InterruptsBSP/\libhal_bsp.a(alt_exit.o)

.debug
 *(.debug)

.line
 *(.line)

.debug_srcinfo
 *(.debug_srcinfo)

.debug_sfnames
 *(.debug_sfnames)

.debug_aranges  0x0000000000000000      0x6f8
 *(.debug_aranges)
 .debug_aranges
                0x0000000000000000       0x28 ../InterruptsBSP//obj/HAL/src/crt0.o
 .debug_aranges
                0x0000000000000028       0x20 obj/default/HexDisplay.o
 .debug_aranges
                0x0000000000000048       0x20 obj/default/InterruptDemo.o
 .debug_aranges
                0x0000000000000068       0x20 obj/default/buttonISR.o
 .debug_aranges
                0x0000000000000088       0x20 obj/default/lcd.o
 .debug_aranges
                0x00000000000000a8       0x20 obj/default/seven_seg_bcd.o
 .debug_aranges
                0x00000000000000c8       0x20 obj/default/seven_seg_hex.o
 .debug_aranges
                0x00000000000000e8       0x20 obj/default/timerISR.o
 .debug_aranges
                0x0000000000000108       0x20 c:/altera/16.0/nios2eds/bin/gnu/h-x86_64-mingw32/bin/../lib/gcc/nios2-elf/5.2.0/../../../../../H-x86_64-mingw32/nios2-elf/lib/mhw-mulx\libc.a(lib_a-memcpy.o)
 .debug_aranges
                0x0000000000000128       0x20 ../InterruptsBSP/\libhal_bsp.a(alt_irq_register.o)
 .debug_aranges
                0x0000000000000148       0x18 ../InterruptsBSP/\libhal_bsp.a(alt_irq_vars.o)
 .debug_aranges
                0x0000000000000160       0x20 ../InterruptsBSP/\libhal_bsp.a(alt_load.o)
 .debug_aranges
                0x0000000000000180       0x20 ../InterruptsBSP/\libhal_bsp.a(alt_main.o)
 .debug_aranges
                0x00000000000001a0       0x20 ../InterruptsBSP/\libhal_bsp.a(alt_sys_init.o)
 .debug_aranges
                0x00000000000001c0       0x20 ../InterruptsBSP/\libhal_bsp.a(altera_avalon_jtag_uart_fd.o)
 .debug_aranges
                0x00000000000001e0       0x20 ../InterruptsBSP/\libhal_bsp.a(altera_avalon_jtag_uart_init.o)
 .debug_aranges
                0x0000000000000200       0x20 ../InterruptsBSP/\libhal_bsp.a(altera_avalon_jtag_uart_ioctl.o)
 .debug_aranges
                0x0000000000000220       0x20 ../InterruptsBSP/\libhal_bsp.a(altera_avalon_jtag_uart_read.o)
 .debug_aranges
                0x0000000000000240       0x20 ../InterruptsBSP/\libhal_bsp.a(altera_avalon_jtag_uart_write.o)
 .debug_aranges
                0x0000000000000260       0x20 ../InterruptsBSP/\libhal_bsp.a(altera_avalon_timer_sc.o)
 .debug_aranges
                0x0000000000000280       0x20 ../InterruptsBSP/\libhal_bsp.a(altera_up_avalon_character_lcd.o)
 .debug_aranges
                0x00000000000002a0       0x20 ../InterruptsBSP/\libhal_bsp.a(altera_up_avalon_irda.o)
 .debug_aranges
                0x00000000000002c0       0x20 ../InterruptsBSP/\libhal_bsp.a(altera_up_avalon_ps2.o)
 .debug_aranges
                0x00000000000002e0       0x20 ../InterruptsBSP/\libhal_bsp.a(altera_up_avalon_rs232.o)
 .debug_aranges
                0x0000000000000300       0x20 ../InterruptsBSP/\libhal_bsp.a(alt_alarm_start.o)
 .debug_aranges
                0x0000000000000320       0x20 ../InterruptsBSP/\libhal_bsp.a(alt_close.o)
 .debug_aranges
                0x0000000000000340       0x20 ../InterruptsBSP/\libhal_bsp.a(alt_dcache_flush_all.o)
 .debug_aranges
                0x0000000000000360       0x20 ../InterruptsBSP/\libhal_bsp.a(alt_dev.o)
 .debug_aranges
                0x0000000000000380       0x20 ../InterruptsBSP/\libhal_bsp.a(alt_dev_llist_insert.o)
 .debug_aranges
                0x00000000000003a0       0x20 ../InterruptsBSP/\libhal_bsp.a(alt_do_ctors.o)
 .debug_aranges
                0x00000000000003c0       0x20 ../InterruptsBSP/\libhal_bsp.a(alt_do_dtors.o)
 .debug_aranges
                0x00000000000003e0       0x18 ../InterruptsBSP/\libhal_bsp.a(alt_errno.o)
 .debug_aranges
                0x00000000000003f8       0x20 ../InterruptsBSP/\libhal_bsp.a(alt_find_dev.o)
 .debug_aranges
                0x0000000000000418       0x20 ../InterruptsBSP/\libhal_bsp.a(alt_icache_flush_all.o)
 .debug_aranges
                0x0000000000000438       0x20 ../InterruptsBSP/\libhal_bsp.a(alt_io_redirect.o)
 .debug_aranges
                0x0000000000000458       0x30 ../InterruptsBSP/\libhal_bsp.a(alt_irq_entry.o)
 .debug_aranges
                0x0000000000000488       0x20 ../InterruptsBSP/\libhal_bsp.a(alt_irq_handler.o)
 .debug_aranges
                0x00000000000004a8       0x20 ../InterruptsBSP/\libhal_bsp.a(alt_open.o)
 .debug_aranges
                0x00000000000004c8       0x20 ../InterruptsBSP/\libhal_bsp.a(alt_release_fd.o)
 .debug_aranges
                0x00000000000004e8       0x20 ../InterruptsBSP/\libhal_bsp.a(alt_tick.o)
 .debug_aranges
                0x0000000000000508       0x20 ../InterruptsBSP/\libhal_bsp.a(altera_nios2_gen2_irq.o)
 .debug_aranges
                0x0000000000000528       0x38 ../InterruptsBSP/\libhal_bsp.a(alt_exception_entry.o)
 .debug_aranges
                0x0000000000000560       0x20 ../InterruptsBSP/\libhal_bsp.a(alt_find_file.o)
 .debug_aranges
                0x0000000000000580       0x20 ../InterruptsBSP/\libhal_bsp.a(alt_get_fd.o)
 .debug_aranges
                0x00000000000005a0       0x20 ../InterruptsBSP/\libhal_bsp.a(alt_icache_flush.o)
 .debug_aranges
                0x00000000000005c0       0x28 ../InterruptsBSP/\libhal_bsp.a(alt_instruction_exception_entry.o)
 .debug_aranges
                0x00000000000005e8       0x20 c:/altera/16.0/nios2eds/bin/gnu/h-x86_64-mingw32/bin/../lib/gcc/nios2-elf/5.2.0/../../../../../H-x86_64-mingw32/nios2-elf/lib/mhw-mulx\libc.a(lib_a-atexit.o)
 .debug_aranges
                0x0000000000000608       0x20 c:/altera/16.0/nios2eds/bin/gnu/h-x86_64-mingw32/bin/../lib/gcc/nios2-elf/5.2.0/../../../../../H-x86_64-mingw32/nios2-elf/lib/mhw-mulx\libc.a(lib_a-exit.o)
 .debug_aranges
                0x0000000000000628       0x18 c:/altera/16.0/nios2eds/bin/gnu/h-x86_64-mingw32/bin/../lib/gcc/nios2-elf/5.2.0/../../../../../H-x86_64-mingw32/nios2-elf/lib/mhw-mulx\libc.a(lib_a-impure.o)
 .debug_aranges
                0x0000000000000640       0x18 c:/altera/16.0/nios2eds/bin/gnu/h-x86_64-mingw32/bin/../lib/gcc/nios2-elf/5.2.0/../../../../../H-x86_64-mingw32/nios2-elf/lib/mhw-mulx\libc.a(lib_a-int_errno.o)
 .debug_aranges
                0x0000000000000658       0x20 c:/altera/16.0/nios2eds/bin/gnu/h-x86_64-mingw32/bin/../lib/gcc/nios2-elf/5.2.0/../../../../../H-x86_64-mingw32/nios2-elf/lib/mhw-mulx\libc.a(lib_a-memcmp.o)
 .debug_aranges
                0x0000000000000678       0x20 c:/altera/16.0/nios2eds/bin/gnu/h-x86_64-mingw32/bin/../lib/gcc/nios2-elf/5.2.0/../../../../../H-x86_64-mingw32/nios2-elf/lib/mhw-mulx\libc.a(lib_a-strlen.o)
 .debug_aranges
                0x0000000000000698       0x20 c:/altera/16.0/nios2eds/bin/gnu/h-x86_64-mingw32/bin/../lib/gcc/nios2-elf/5.2.0/../../../../../H-x86_64-mingw32/nios2-elf/lib/mhw-mulx\libc.a(lib_a-__atexit.o)
 .debug_aranges
                0x00000000000006b8       0x20 c:/altera/16.0/nios2eds/bin/gnu/h-x86_64-mingw32/bin/../lib/gcc/nios2-elf/5.2.0/../../../../../H-x86_64-mingw32/nios2-elf/lib/mhw-mulx\libc.a(lib_a-__call_atexit.o)
 .debug_aranges
                0x00000000000006d8       0x20 ../InterruptsBSP/\libhal_bsp.a(alt_exit.o)

.debug_pubnames
 *(.debug_pubnames)

.debug_info     0x0000000000000000     0x99d6
 *(.debug_info .gnu.linkonce.wi.*)
 .debug_info    0x0000000000000000       0x61 ../InterruptsBSP//obj/HAL/src/crt0.o
 .debug_info    0x0000000000000061       0xe9 obj/default/HexDisplay.o
 .debug_info    0x000000000000014a      0x107 obj/default/InterruptDemo.o
 .debug_info    0x0000000000000251       0xe2 obj/default/buttonISR.o
 .debug_info    0x0000000000000333       0xe1 obj/default/lcd.o
 .debug_info    0x0000000000000414      0x14b obj/default/seven_seg_bcd.o
 .debug_info    0x000000000000055f      0x143 obj/default/seven_seg_hex.o
 .debug_info    0x00000000000006a2       0xd0 obj/default/timerISR.o
 .debug_info    0x0000000000000772      0x144 c:/altera/16.0/nios2eds/bin/gnu/h-x86_64-mingw32/bin/../lib/gcc/nios2-elf/5.2.0/../../../../../H-x86_64-mingw32/nios2-elf/lib/mhw-mulx\libc.a(lib_a-memcpy.o)
 .debug_info    0x00000000000008b6      0x329 ../InterruptsBSP/\libhal_bsp.a(alt_irq_register.o)
 .debug_info    0x0000000000000bdf       0x88 ../InterruptsBSP/\libhal_bsp.a(alt_irq_vars.o)
 .debug_info    0x0000000000000c67      0x145 ../InterruptsBSP/\libhal_bsp.a(alt_load.o)
 .debug_info    0x0000000000000dac      0x157 ../InterruptsBSP/\libhal_bsp.a(alt_main.o)
 .debug_info    0x0000000000000f03      0x959 ../InterruptsBSP/\libhal_bsp.a(alt_sys_init.o)
 .debug_info    0x000000000000185c      0x52e ../InterruptsBSP/\libhal_bsp.a(altera_avalon_jtag_uart_fd.o)
 .debug_info    0x0000000000001d8a      0x3c3 ../InterruptsBSP/\libhal_bsp.a(altera_avalon_jtag_uart_init.o)
 .debug_info    0x000000000000214d      0x280 ../InterruptsBSP/\libhal_bsp.a(altera_avalon_jtag_uart_ioctl.o)
 .debug_info    0x00000000000023cd      0x35b ../InterruptsBSP/\libhal_bsp.a(altera_avalon_jtag_uart_read.o)
 .debug_info    0x0000000000002728      0x356 ../InterruptsBSP/\libhal_bsp.a(altera_avalon_jtag_uart_write.o)
 .debug_info    0x0000000000002a7e      0x249 ../InterruptsBSP/\libhal_bsp.a(altera_avalon_timer_sc.o)
 .debug_info    0x0000000000002cc7      0x601 ../InterruptsBSP/\libhal_bsp.a(altera_up_avalon_character_lcd.o)
 .debug_info    0x00000000000032c8      0x568 ../InterruptsBSP/\libhal_bsp.a(altera_up_avalon_irda.o)
 .debug_info    0x0000000000003830      0x7d4 ../InterruptsBSP/\libhal_bsp.a(altera_up_avalon_ps2.o)
 .debug_info    0x0000000000004004      0x568 ../InterruptsBSP/\libhal_bsp.a(altera_up_avalon_rs232.o)
 .debug_info    0x000000000000456c      0x2e2 ../InterruptsBSP/\libhal_bsp.a(alt_alarm_start.o)
 .debug_info    0x000000000000484e      0x321 ../InterruptsBSP/\libhal_bsp.a(alt_close.o)
 .debug_info    0x0000000000004b6f       0x92 ../InterruptsBSP/\libhal_bsp.a(alt_dcache_flush_all.o)
 .debug_info    0x0000000000004c01      0x49c ../InterruptsBSP/\libhal_bsp.a(alt_dev.o)
 .debug_info    0x000000000000509d      0x1a9 ../InterruptsBSP/\libhal_bsp.a(alt_dev_llist_insert.o)
 .debug_info    0x0000000000005246       0x83 ../InterruptsBSP/\libhal_bsp.a(alt_do_ctors.o)
 .debug_info    0x00000000000052c9       0x83 ../InterruptsBSP/\libhal_bsp.a(alt_do_dtors.o)
 .debug_info    0x000000000000534c       0xa6 ../InterruptsBSP/\libhal_bsp.a(alt_errno.o)
 .debug_info    0x00000000000053f2      0x2e9 ../InterruptsBSP/\libhal_bsp.a(alt_find_dev.o)
 .debug_info    0x00000000000056db       0x92 ../InterruptsBSP/\libhal_bsp.a(alt_icache_flush_all.o)
 .debug_info    0x000000000000576d      0x4a5 ../InterruptsBSP/\libhal_bsp.a(alt_io_redirect.o)
 .debug_info    0x0000000000005c12       0x6a ../InterruptsBSP/\libhal_bsp.a(alt_irq_entry.o)
 .debug_info    0x0000000000005c7c      0x1a7 ../InterruptsBSP/\libhal_bsp.a(alt_irq_handler.o)
 .debug_info    0x0000000000005e23      0x3bb ../InterruptsBSP/\libhal_bsp.a(alt_open.o)
 .debug_info    0x00000000000061de      0x2b0 ../InterruptsBSP/\libhal_bsp.a(alt_release_fd.o)
 .debug_info    0x000000000000648e      0x2af ../InterruptsBSP/\libhal_bsp.a(alt_tick.o)
 .debug_info    0x000000000000673d       0xb8 ../InterruptsBSP/\libhal_bsp.a(altera_nios2_gen2_irq.o)
 .debug_info    0x00000000000067f5       0x70 ../InterruptsBSP/\libhal_bsp.a(alt_exception_entry.o)
 .debug_info    0x0000000000006865      0x2e6 ../InterruptsBSP/\libhal_bsp.a(alt_find_file.o)
 .debug_info    0x0000000000006b4b      0x310 ../InterruptsBSP/\libhal_bsp.a(alt_get_fd.o)
 .debug_info    0x0000000000006e5b       0xdc ../InterruptsBSP/\libhal_bsp.a(alt_icache_flush.o)
 .debug_info    0x0000000000006f37      0x1e7 ../InterruptsBSP/\libhal_bsp.a(alt_instruction_exception_entry.o)
 .debug_info    0x000000000000711e       0xfe c:/altera/16.0/nios2eds/bin/gnu/h-x86_64-mingw32/bin/../lib/gcc/nios2-elf/5.2.0/../../../../../H-x86_64-mingw32/nios2-elf/lib/mhw-mulx\libc.a(lib_a-atexit.o)
 .debug_info    0x000000000000721c      0x8e4 c:/altera/16.0/nios2eds/bin/gnu/h-x86_64-mingw32/bin/../lib/gcc/nios2-elf/5.2.0/../../../../../H-x86_64-mingw32/nios2-elf/lib/mhw-mulx\libc.a(lib_a-exit.o)
 .debug_info    0x0000000000007b00      0x8a1 c:/altera/16.0/nios2eds/bin/gnu/h-x86_64-mingw32/bin/../lib/gcc/nios2-elf/5.2.0/../../../../../H-x86_64-mingw32/nios2-elf/lib/mhw-mulx\libc.a(lib_a-impure.o)
 .debug_info    0x00000000000083a1       0x8a c:/altera/16.0/nios2eds/bin/gnu/h-x86_64-mingw32/bin/../lib/gcc/nios2-elf/5.2.0/../../../../../H-x86_64-mingw32/nios2-elf/lib/mhw-mulx\libc.a(lib_a-int_errno.o)
 .debug_info    0x000000000000842b      0x11a c:/altera/16.0/nios2eds/bin/gnu/h-x86_64-mingw32/bin/../lib/gcc/nios2-elf/5.2.0/../../../../../H-x86_64-mingw32/nios2-elf/lib/mhw-mulx\libc.a(lib_a-memcmp.o)
 .debug_info    0x0000000000008545       0xe2 c:/altera/16.0/nios2eds/bin/gnu/h-x86_64-mingw32/bin/../lib/gcc/nios2-elf/5.2.0/../../../../../H-x86_64-mingw32/nios2-elf/lib/mhw-mulx\libc.a(lib_a-strlen.o)
 .debug_info    0x0000000000008627      0x934 c:/altera/16.0/nios2eds/bin/gnu/h-x86_64-mingw32/bin/../lib/gcc/nios2-elf/5.2.0/../../../../../H-x86_64-mingw32/nios2-elf/lib/mhw-mulx\libc.a(lib_a-__atexit.o)
 .debug_info    0x0000000000008f5b      0x965 c:/altera/16.0/nios2eds/bin/gnu/h-x86_64-mingw32/bin/../lib/gcc/nios2-elf/5.2.0/../../../../../H-x86_64-mingw32/nios2-elf/lib/mhw-mulx\libc.a(lib_a-__call_atexit.o)
 .debug_info    0x00000000000098c0      0x116 ../InterruptsBSP/\libhal_bsp.a(alt_exit.o)

.debug_abbrev   0x0000000000000000     0x331d
 *(.debug_abbrev)
 .debug_abbrev  0x0000000000000000       0x12 ../InterruptsBSP//obj/HAL/src/crt0.o
 .debug_abbrev  0x0000000000000012       0xac obj/default/HexDisplay.o
 .debug_abbrev  0x00000000000000be       0x94 obj/default/InterruptDemo.o
 .debug_abbrev  0x0000000000000152       0x83 obj/default/buttonISR.o
 .debug_abbrev  0x00000000000001d5       0x99 obj/default/lcd.o
 .debug_abbrev  0x000000000000026e       0xaf obj/default/seven_seg_bcd.o
 .debug_abbrev  0x000000000000031d       0xa8 obj/default/seven_seg_hex.o
 .debug_abbrev  0x00000000000003c5       0x95 obj/default/timerISR.o
 .debug_abbrev  0x000000000000045a       0xa3 c:/altera/16.0/nios2eds/bin/gnu/h-x86_64-mingw32/bin/../lib/gcc/nios2-elf/5.2.0/../../../../../H-x86_64-mingw32/nios2-elf/lib/mhw-mulx\libc.a(lib_a-memcpy.o)
 .debug_abbrev  0x00000000000004fd      0x186 ../InterruptsBSP/\libhal_bsp.a(alt_irq_register.o)
 .debug_abbrev  0x0000000000000683       0x40 ../InterruptsBSP/\libhal_bsp.a(alt_irq_vars.o)
 .debug_abbrev  0x00000000000006c3       0x9f ../InterruptsBSP/\libhal_bsp.a(alt_load.o)
 .debug_abbrev  0x0000000000000762       0xc1 ../InterruptsBSP/\libhal_bsp.a(alt_main.o)
 .debug_abbrev  0x0000000000000823      0x19f ../InterruptsBSP/\libhal_bsp.a(alt_sys_init.o)
 .debug_abbrev  0x00000000000009c2      0x127 ../InterruptsBSP/\libhal_bsp.a(altera_avalon_jtag_uart_fd.o)
 .debug_abbrev  0x0000000000000ae9      0x19e ../InterruptsBSP/\libhal_bsp.a(altera_avalon_jtag_uart_init.o)
 .debug_abbrev  0x0000000000000c87      0x111 ../InterruptsBSP/\libhal_bsp.a(altera_avalon_jtag_uart_ioctl.o)
 .debug_abbrev  0x0000000000000d98      0x1aa ../InterruptsBSP/\libhal_bsp.a(altera_avalon_jtag_uart_read.o)
 .debug_abbrev  0x0000000000000f42      0x1a8 ../InterruptsBSP/\libhal_bsp.a(altera_avalon_jtag_uart_write.o)
 .debug_abbrev  0x00000000000010ea      0x155 ../InterruptsBSP/\libhal_bsp.a(altera_avalon_timer_sc.o)
 .debug_abbrev  0x000000000000123f      0x156 ../InterruptsBSP/\libhal_bsp.a(altera_up_avalon_character_lcd.o)
 .debug_abbrev  0x0000000000001395      0x135 ../InterruptsBSP/\libhal_bsp.a(altera_up_avalon_irda.o)
 .debug_abbrev  0x00000000000014ca      0x1a1 ../InterruptsBSP/\libhal_bsp.a(altera_up_avalon_ps2.o)
 .debug_abbrev  0x000000000000166b      0x135 ../InterruptsBSP/\libhal_bsp.a(altera_up_avalon_rs232.o)
 .debug_abbrev  0x00000000000017a0      0x162 ../InterruptsBSP/\libhal_bsp.a(alt_alarm_start.o)
 .debug_abbrev  0x0000000000001902      0x11f ../InterruptsBSP/\libhal_bsp.a(alt_close.o)
 .debug_abbrev  0x0000000000001a21       0x42 ../InterruptsBSP/\libhal_bsp.a(alt_dcache_flush_all.o)
 .debug_abbrev  0x0000000000001a63       0xd9 ../InterruptsBSP/\libhal_bsp.a(alt_dev.o)
 .debug_abbrev  0x0000000000001b3c      0x114 ../InterruptsBSP/\libhal_bsp.a(alt_dev_llist_insert.o)
 .debug_abbrev  0x0000000000001c50       0x79 ../InterruptsBSP/\libhal_bsp.a(alt_do_ctors.o)
 .debug_abbrev  0x0000000000001cc9       0x79 ../InterruptsBSP/\libhal_bsp.a(alt_do_dtors.o)
 .debug_abbrev  0x0000000000001d42       0x5a ../InterruptsBSP/\libhal_bsp.a(alt_errno.o)
 .debug_abbrev  0x0000000000001d9c       0xf0 ../InterruptsBSP/\libhal_bsp.a(alt_find_dev.o)
 .debug_abbrev  0x0000000000001e8c       0x42 ../InterruptsBSP/\libhal_bsp.a(alt_icache_flush_all.o)
 .debug_abbrev  0x0000000000001ece      0x114 ../InterruptsBSP/\libhal_bsp.a(alt_io_redirect.o)
 .debug_abbrev  0x0000000000001fe2       0x12 ../InterruptsBSP/\libhal_bsp.a(alt_irq_entry.o)
 .debug_abbrev  0x0000000000001ff4      0x13a ../InterruptsBSP/\libhal_bsp.a(alt_irq_handler.o)
 .debug_abbrev  0x000000000000212e      0x148 ../InterruptsBSP/\libhal_bsp.a(alt_open.o)
 .debug_abbrev  0x0000000000002276       0xde ../InterruptsBSP/\libhal_bsp.a(alt_release_fd.o)
 .debug_abbrev  0x0000000000002354      0x16b ../InterruptsBSP/\libhal_bsp.a(alt_tick.o)
 .debug_abbrev  0x00000000000024bf       0x67 ../InterruptsBSP/\libhal_bsp.a(altera_nios2_gen2_irq.o)
 .debug_abbrev  0x0000000000002526       0x12 ../InterruptsBSP/\libhal_bsp.a(alt_exception_entry.o)
 .debug_abbrev  0x0000000000002538       0xf0 ../InterruptsBSP/\libhal_bsp.a(alt_find_file.o)
 .debug_abbrev  0x0000000000002628      0x10d ../InterruptsBSP/\libhal_bsp.a(alt_get_fd.o)
 .debug_abbrev  0x0000000000002735       0x8c ../InterruptsBSP/\libhal_bsp.a(alt_icache_flush.o)
 .debug_abbrev  0x00000000000027c1       0xdc ../InterruptsBSP/\libhal_bsp.a(alt_instruction_exception_entry.o)
 .debug_abbrev  0x000000000000289d       0xaa c:/altera/16.0/nios2eds/bin/gnu/h-x86_64-mingw32/bin/../lib/gcc/nios2-elf/5.2.0/../../../../../H-x86_64-mingw32/nios2-elf/lib/mhw-mulx\libc.a(lib_a-atexit.o)
 .debug_abbrev  0x0000000000002947      0x1e5 c:/altera/16.0/nios2eds/bin/gnu/h-x86_64-mingw32/bin/../lib/gcc/nios2-elf/5.2.0/../../../../../H-x86_64-mingw32/nios2-elf/lib/mhw-mulx\libc.a(lib_a-exit.o)
 .debug_abbrev  0x0000000000002b2c      0x18f c:/altera/16.0/nios2eds/bin/gnu/h-x86_64-mingw32/bin/../lib/gcc/nios2-elf/5.2.0/../../../../../H-x86_64-mingw32/nios2-elf/lib/mhw-mulx\libc.a(lib_a-impure.o)
 .debug_abbrev  0x0000000000002cbb       0x37 c:/altera/16.0/nios2eds/bin/gnu/h-x86_64-mingw32/bin/../lib/gcc/nios2-elf/5.2.0/../../../../../H-x86_64-mingw32/nios2-elf/lib/mhw-mulx\libc.a(lib_a-int_errno.o)
 .debug_abbrev  0x0000000000002cf2       0x7f c:/altera/16.0/nios2eds/bin/gnu/h-x86_64-mingw32/bin/../lib/gcc/nios2-elf/5.2.0/../../../../../H-x86_64-mingw32/nios2-elf/lib/mhw-mulx\libc.a(lib_a-memcmp.o)
 .debug_abbrev  0x0000000000002d71       0x90 c:/altera/16.0/nios2eds/bin/gnu/h-x86_64-mingw32/bin/../lib/gcc/nios2-elf/5.2.0/../../../../../H-x86_64-mingw32/nios2-elf/lib/mhw-mulx\libc.a(lib_a-strlen.o)
 .debug_abbrev  0x0000000000002e01      0x21e c:/altera/16.0/nios2eds/bin/gnu/h-x86_64-mingw32/bin/../lib/gcc/nios2-elf/5.2.0/../../../../../H-x86_64-mingw32/nios2-elf/lib/mhw-mulx\libc.a(lib_a-__atexit.o)
 .debug_abbrev  0x000000000000301f      0x22e c:/altera/16.0/nios2eds/bin/gnu/h-x86_64-mingw32/bin/../lib/gcc/nios2-elf/5.2.0/../../../../../H-x86_64-mingw32/nios2-elf/lib/mhw-mulx\libc.a(lib_a-__call_atexit.o)
 .debug_abbrev  0x000000000000324d       0xd0 ../InterruptsBSP/\libhal_bsp.a(alt_exit.o)

.debug_line     0x0000000000000000     0x368a
 *(.debug_line)
 .debug_line    0x0000000000000000       0x6c ../InterruptsBSP//obj/HAL/src/crt0.o
 .debug_line    0x000000000000006c       0x76 obj/default/HexDisplay.o
 .debug_line    0x00000000000000e2       0xa7 obj/default/InterruptDemo.o
 .debug_line    0x0000000000000189       0x7d obj/default/buttonISR.o
 .debug_line    0x0000000000000206       0x52 obj/default/lcd.o
 .debug_line    0x0000000000000258      0x123 obj/default/seven_seg_bcd.o
 .debug_line    0x000000000000037b       0x9a obj/default/seven_seg_hex.o
 .debug_line    0x0000000000000415       0x6d obj/default/timerISR.o
 .debug_line    0x0000000000000482      0x18c c:/altera/16.0/nios2eds/bin/gnu/h-x86_64-mingw32/bin/../lib/gcc/nios2-elf/5.2.0/../../../../../H-x86_64-mingw32/nios2-elf/lib/mhw-mulx\libc.a(lib_a-memcpy.o)
 .debug_line    0x000000000000060e      0x159 ../InterruptsBSP/\libhal_bsp.a(alt_irq_register.o)
 .debug_line    0x0000000000000767       0x50 ../InterruptsBSP/\libhal_bsp.a(alt_irq_vars.o)
 .debug_line    0x00000000000007b7       0x8e ../InterruptsBSP/\libhal_bsp.a(alt_load.o)
 .debug_line    0x0000000000000845       0xd1 ../InterruptsBSP/\libhal_bsp.a(alt_main.o)
 .debug_line    0x0000000000000916      0x2f2 ../InterruptsBSP/\libhal_bsp.a(alt_sys_init.o)
 .debug_line    0x0000000000000c08      0x12f ../InterruptsBSP/\libhal_bsp.a(altera_avalon_jtag_uart_fd.o)
 .debug_line    0x0000000000000d37      0x19f ../InterruptsBSP/\libhal_bsp.a(altera_avalon_jtag_uart_init.o)
 .debug_line    0x0000000000000ed6      0x131 ../InterruptsBSP/\libhal_bsp.a(altera_avalon_jtag_uart_ioctl.o)
 .debug_line    0x0000000000001007      0x185 ../InterruptsBSP/\libhal_bsp.a(altera_avalon_jtag_uart_read.o)
 .debug_line    0x000000000000118c      0x184 ../InterruptsBSP/\libhal_bsp.a(altera_avalon_jtag_uart_write.o)
 .debug_line    0x0000000000001310      0x113 ../InterruptsBSP/\libhal_bsp.a(altera_avalon_timer_sc.o)
 .debug_line    0x0000000000001423      0x1c4 ../InterruptsBSP/\libhal_bsp.a(altera_up_avalon_character_lcd.o)
 .debug_line    0x00000000000015e7      0x13d ../InterruptsBSP/\libhal_bsp.a(altera_up_avalon_irda.o)
 .debug_line    0x0000000000001724      0x1a6 ../InterruptsBSP/\libhal_bsp.a(altera_up_avalon_ps2.o)
 .debug_line    0x00000000000018ca      0x13f ../InterruptsBSP/\libhal_bsp.a(altera_up_avalon_rs232.o)
 .debug_line    0x0000000000001a09      0x10e ../InterruptsBSP/\libhal_bsp.a(alt_alarm_start.o)
 .debug_line    0x0000000000001b17      0x15e ../InterruptsBSP/\libhal_bsp.a(alt_close.o)
 .debug_line    0x0000000000001c75       0x51 ../InterruptsBSP/\libhal_bsp.a(alt_dcache_flush_all.o)
 .debug_line    0x0000000000001cc6       0xf0 ../InterruptsBSP/\libhal_bsp.a(alt_dev.o)
 .debug_line    0x0000000000001db6       0xd0 ../InterruptsBSP/\libhal_bsp.a(alt_dev_llist_insert.o)
 .debug_line    0x0000000000001e86       0x59 ../InterruptsBSP/\libhal_bsp.a(alt_do_ctors.o)
 .debug_line    0x0000000000001edf       0x59 ../InterruptsBSP/\libhal_bsp.a(alt_do_dtors.o)
 .debug_line    0x0000000000001f38       0x51 ../InterruptsBSP/\libhal_bsp.a(alt_errno.o)
 .debug_line    0x0000000000001f89       0xb5 ../InterruptsBSP/\libhal_bsp.a(alt_find_dev.o)
 .debug_line    0x000000000000203e       0x50 ../InterruptsBSP/\libhal_bsp.a(alt_icache_flush_all.o)
 .debug_line    0x000000000000208e      0x12b ../InterruptsBSP/\libhal_bsp.a(alt_io_redirect.o)
 .debug_line    0x00000000000021b9       0x6b ../InterruptsBSP/\libhal_bsp.a(alt_irq_entry.o)
 .debug_line    0x0000000000002224       0xcd ../InterruptsBSP/\libhal_bsp.a(alt_irq_handler.o)
 .debug_line    0x00000000000022f1      0x12a ../InterruptsBSP/\libhal_bsp.a(alt_open.o)
 .debug_line    0x000000000000241b       0xae ../InterruptsBSP/\libhal_bsp.a(alt_release_fd.o)
 .debug_line    0x00000000000024c9      0x113 ../InterruptsBSP/\libhal_bsp.a(alt_tick.o)
 .debug_line    0x00000000000025dc       0x8d ../InterruptsBSP/\libhal_bsp.a(altera_nios2_gen2_irq.o)
 .debug_line    0x0000000000002669       0xb3 ../InterruptsBSP/\libhal_bsp.a(alt_exception_entry.o)
 .debug_line    0x000000000000271c       0xd1 ../InterruptsBSP/\libhal_bsp.a(alt_find_file.o)
 .debug_line    0x00000000000027ed       0xd5 ../InterruptsBSP/\libhal_bsp.a(alt_get_fd.o)
 .debug_line    0x00000000000028c2       0x81 ../InterruptsBSP/\libhal_bsp.a(alt_icache_flush.o)
 .debug_line    0x0000000000002943       0xba ../InterruptsBSP/\libhal_bsp.a(alt_instruction_exception_entry.o)
 .debug_line    0x00000000000029fd       0xe7 c:/altera/16.0/nios2eds/bin/gnu/h-x86_64-mingw32/bin/../lib/gcc/nios2-elf/5.2.0/../../../../../H-x86_64-mingw32/nios2-elf/lib/mhw-mulx\libc.a(lib_a-atexit.o)
 .debug_line    0x0000000000002ae4      0x1fc c:/altera/16.0/nios2eds/bin/gnu/h-x86_64-mingw32/bin/../lib/gcc/nios2-elf/5.2.0/../../../../../H-x86_64-mingw32/nios2-elf/lib/mhw-mulx\libc.a(lib_a-exit.o)
 .debug_line    0x0000000000002ce0      0x160 c:/altera/16.0/nios2eds/bin/gnu/h-x86_64-mingw32/bin/../lib/gcc/nios2-elf/5.2.0/../../../../../H-x86_64-mingw32/nios2-elf/lib/mhw-mulx\libc.a(lib_a-impure.o)
 .debug_line    0x0000000000002e40       0x5f c:/altera/16.0/nios2eds/bin/gnu/h-x86_64-mingw32/bin/../lib/gcc/nios2-elf/5.2.0/../../../../../H-x86_64-mingw32/nios2-elf/lib/mhw-mulx\libc.a(lib_a-int_errno.o)
 .debug_line    0x0000000000002e9f      0x176 c:/altera/16.0/nios2eds/bin/gnu/h-x86_64-mingw32/bin/../lib/gcc/nios2-elf/5.2.0/../../../../../H-x86_64-mingw32/nios2-elf/lib/mhw-mulx\libc.a(lib_a-memcmp.o)
 .debug_line    0x0000000000003015      0x16f c:/altera/16.0/nios2eds/bin/gnu/h-x86_64-mingw32/bin/../lib/gcc/nios2-elf/5.2.0/../../../../../H-x86_64-mingw32/nios2-elf/lib/mhw-mulx\libc.a(lib_a-strlen.o)
 .debug_line    0x0000000000003184      0x21f c:/altera/16.0/nios2eds/bin/gnu/h-x86_64-mingw32/bin/../lib/gcc/nios2-elf/5.2.0/../../../../../H-x86_64-mingw32/nios2-elf/lib/mhw-mulx\libc.a(lib_a-__atexit.o)
 .debug_line    0x00000000000033a3      0x23a c:/altera/16.0/nios2eds/bin/gnu/h-x86_64-mingw32/bin/../lib/gcc/nios2-elf/5.2.0/../../../../../H-x86_64-mingw32/nios2-elf/lib/mhw-mulx\libc.a(lib_a-__call_atexit.o)
 .debug_line    0x00000000000035dd       0xad ../InterruptsBSP/\libhal_bsp.a(alt_exit.o)

.debug_frame    0x0000000000000000     0x13dc
 *(.debug_frame)
 .debug_frame   0x0000000000000000       0x5c obj/default/HexDisplay.o
 .debug_frame   0x000000000000005c       0x2c obj/default/InterruptDemo.o
 .debug_frame   0x0000000000000088       0x34 obj/default/buttonISR.o
 .debug_frame   0x00000000000000bc       0x7c obj/default/lcd.o
 .debug_frame   0x0000000000000138       0x34 obj/default/seven_seg_bcd.o
 .debug_frame   0x000000000000016c       0x38 obj/default/seven_seg_hex.o
 .debug_frame   0x00000000000001a4       0x38 obj/default/timerISR.o
 .debug_frame   0x00000000000001dc       0x38 c:/altera/16.0/nios2eds/bin/gnu/h-x86_64-mingw32/bin/../lib/gcc/nios2-elf/5.2.0/../../../../../H-x86_64-mingw32/nios2-elf/lib/mhw-mulx\libc.a(lib_a-memcpy.o)
 .debug_frame   0x0000000000000214       0x34 ../InterruptsBSP/\libhal_bsp.a(alt_irq_register.o)
 .debug_frame   0x0000000000000248       0x5c ../InterruptsBSP/\libhal_bsp.a(alt_load.o)
 .debug_frame   0x00000000000002a4       0x2c ../InterruptsBSP/\libhal_bsp.a(alt_main.o)
 .debug_frame   0x00000000000002d0       0x88 ../InterruptsBSP/\libhal_bsp.a(alt_sys_init.o)
 .debug_frame   0x0000000000000358       0xb0 ../InterruptsBSP/\libhal_bsp.a(altera_avalon_jtag_uart_fd.o)
 .debug_frame   0x0000000000000408       0xa4 ../InterruptsBSP/\libhal_bsp.a(altera_avalon_jtag_uart_init.o)
 .debug_frame   0x00000000000004ac       0x34 ../InterruptsBSP/\libhal_bsp.a(altera_avalon_jtag_uart_ioctl.o)
 .debug_frame   0x00000000000004e0       0x38 ../InterruptsBSP/\libhal_bsp.a(altera_avalon_jtag_uart_read.o)
 .debug_frame   0x0000000000000518       0x38 ../InterruptsBSP/\libhal_bsp.a(altera_avalon_jtag_uart_write.o)
 .debug_frame   0x0000000000000550       0x60 ../InterruptsBSP/\libhal_bsp.a(altera_avalon_timer_sc.o)
 .debug_frame   0x00000000000005b0      0x204 ../InterruptsBSP/\libhal_bsp.a(altera_up_avalon_character_lcd.o)
 .debug_frame   0x00000000000007b4      0x188 ../InterruptsBSP/\libhal_bsp.a(altera_up_avalon_irda.o)
 .debug_frame   0x000000000000093c      0x2c0 ../InterruptsBSP/\libhal_bsp.a(altera_up_avalon_ps2.o)
 .debug_frame   0x0000000000000bfc      0x188 ../InterruptsBSP/\libhal_bsp.a(altera_up_avalon_rs232.o)
 .debug_frame   0x0000000000000d84       0x34 ../InterruptsBSP/\libhal_bsp.a(alt_alarm_start.o)
 .debug_frame   0x0000000000000db8       0x60 ../InterruptsBSP/\libhal_bsp.a(alt_close.o)
 .debug_frame   0x0000000000000e18       0x34 ../InterruptsBSP/\libhal_bsp.a(alt_dcache_flush_all.o)
 .debug_frame   0x0000000000000e4c       0x34 ../InterruptsBSP/\libhal_bsp.a(alt_dev.o)
 .debug_frame   0x0000000000000e80       0x60 ../InterruptsBSP/\libhal_bsp.a(alt_dev_llist_insert.o)
 .debug_frame   0x0000000000000ee0       0x38 ../InterruptsBSP/\libhal_bsp.a(alt_do_ctors.o)
 .debug_frame   0x0000000000000f18       0x38 ../InterruptsBSP/\libhal_bsp.a(alt_do_dtors.o)
 .debug_frame   0x0000000000000f50       0x38 ../InterruptsBSP/\libhal_bsp.a(alt_find_dev.o)
 .debug_frame   0x0000000000000f88       0x38 ../InterruptsBSP/\libhal_bsp.a(alt_icache_flush_all.o)
 .debug_frame   0x0000000000000fc0       0x60 ../InterruptsBSP/\libhal_bsp.a(alt_io_redirect.o)
 .debug_frame   0x0000000000001020       0x38 ../InterruptsBSP/\libhal_bsp.a(alt_irq_handler.o)
 .debug_frame   0x0000000000001058       0x84 ../InterruptsBSP/\libhal_bsp.a(alt_open.o)
 .debug_frame   0x00000000000010dc       0x34 ../InterruptsBSP/\libhal_bsp.a(alt_release_fd.o)
 .debug_frame   0x0000000000001110       0x5c ../InterruptsBSP/\libhal_bsp.a(alt_tick.o)
 .debug_frame   0x000000000000116c       0x34 ../InterruptsBSP/\libhal_bsp.a(altera_nios2_gen2_irq.o)
 .debug_frame   0x00000000000011a0       0x38 ../InterruptsBSP/\libhal_bsp.a(alt_find_file.o)
 .debug_frame   0x00000000000011d8       0x34 ../InterruptsBSP/\libhal_bsp.a(alt_get_fd.o)
 .debug_frame   0x000000000000120c       0x34 ../InterruptsBSP/\libhal_bsp.a(alt_icache_flush.o)
 .debug_frame   0x0000000000001240       0x5c ../InterruptsBSP/\libhal_bsp.a(alt_instruction_exception_entry.o)
 .debug_frame   0x000000000000129c       0x20 c:/altera/16.0/nios2eds/bin/gnu/h-x86_64-mingw32/bin/../lib/gcc/nios2-elf/5.2.0/../../../../../H-x86_64-mingw32/nios2-elf/lib/mhw-mulx\libc.a(lib_a-atexit.o)
 .debug_frame   0x00000000000012bc       0x28 c:/altera/16.0/nios2eds/bin/gnu/h-x86_64-mingw32/bin/../lib/gcc/nios2-elf/5.2.0/../../../../../H-x86_64-mingw32/nios2-elf/lib/mhw-mulx\libc.a(lib_a-exit.o)
 .debug_frame   0x00000000000012e4       0x20 c:/altera/16.0/nios2eds/bin/gnu/h-x86_64-mingw32/bin/../lib/gcc/nios2-elf/5.2.0/../../../../../H-x86_64-mingw32/nios2-elf/lib/mhw-mulx\libc.a(lib_a-memcmp.o)
 .debug_frame   0x0000000000001304       0x20 c:/altera/16.0/nios2eds/bin/gnu/h-x86_64-mingw32/bin/../lib/gcc/nios2-elf/5.2.0/../../../../../H-x86_64-mingw32/nios2-elf/lib/mhw-mulx\libc.a(lib_a-strlen.o)
 .debug_frame   0x0000000000001324       0x38 c:/altera/16.0/nios2eds/bin/gnu/h-x86_64-mingw32/bin/../lib/gcc/nios2-elf/5.2.0/../../../../../H-x86_64-mingw32/nios2-elf/lib/mhw-mulx\libc.a(lib_a-__atexit.o)
 .debug_frame   0x000000000000135c       0x54 c:/altera/16.0/nios2eds/bin/gnu/h-x86_64-mingw32/bin/../lib/gcc/nios2-elf/5.2.0/../../../../../H-x86_64-mingw32/nios2-elf/lib/mhw-mulx\libc.a(lib_a-__call_atexit.o)
 .debug_frame   0x00000000000013b0       0x2c ../InterruptsBSP/\libhal_bsp.a(alt_exit.o)

.debug_str      0x0000000000000000     0x2581
 *(.debug_str)
 .debug_str     0x0000000000000000      0x11f obj/default/HexDisplay.o
                                        0x14b (size before relaxing)
 .debug_str     0x000000000000011f       0x58 obj/default/InterruptDemo.o
                                        0x17c (size before relaxing)
 .debug_str     0x0000000000000177       0x1c obj/default/buttonISR.o
                                        0x151 (size before relaxing)
 .debug_str     0x0000000000000193       0x48 obj/default/lcd.o
                                         0xcc (size before relaxing)
 .debug_str     0x00000000000001db       0x41 obj/default/seven_seg_bcd.o
                                        0x164 (size before relaxing)
 .debug_str     0x000000000000021c       0x2d obj/default/seven_seg_hex.o
                                        0x15f (size before relaxing)
 .debug_str     0x0000000000000249       0x27 obj/default/timerISR.o
                                        0x131 (size before relaxing)
 .debug_str     0x0000000000000270      0x169 c:/altera/16.0/nios2eds/bin/gnu/h-x86_64-mingw32/bin/../lib/gcc/nios2-elf/5.2.0/../../../../../H-x86_64-mingw32/nios2-elf/lib/mhw-mulx\libc.a(lib_a-memcpy.o)
                                        0x207 (size before relaxing)
 .debug_str     0x00000000000003d9      0x129 ../InterruptsBSP/\libhal_bsp.a(alt_irq_register.o)
                                        0x207 (size before relaxing)
 .debug_str     0x0000000000000502       0x17 ../InterruptsBSP/\libhal_bsp.a(alt_irq_vars.o)
                                        0x139 (size before relaxing)
 .debug_str     0x0000000000000519       0xe9 ../InterruptsBSP/\libhal_bsp.a(alt_load.o)
                                        0x211 (size before relaxing)
 .debug_str     0x0000000000000602       0x70 ../InterruptsBSP/\libhal_bsp.a(alt_main.o)
                                        0x1c5 (size before relaxing)
 .debug_str     0x0000000000000672      0x502 ../InterruptsBSP/\libhal_bsp.a(alt_sys_init.o)
                                        0x6f9 (size before relaxing)
 .debug_str     0x0000000000000b74       0xb9 ../InterruptsBSP/\libhal_bsp.a(altera_avalon_jtag_uart_fd.o)
                                        0x3a3 (size before relaxing)
 .debug_str     0x0000000000000c2d       0xd1 ../InterruptsBSP/\libhal_bsp.a(altera_avalon_jtag_uart_init.o)
                                        0x358 (size before relaxing)
 .debug_str     0x0000000000000cfe       0x4a ../InterruptsBSP/\libhal_bsp.a(altera_avalon_jtag_uart_ioctl.o)
                                        0x292 (size before relaxing)
 .debug_str     0x0000000000000d48       0x48 ../InterruptsBSP/\libhal_bsp.a(altera_avalon_jtag_uart_read.o)
                                        0x308 (size before relaxing)
 .debug_str     0x0000000000000d90       0x4a ../InterruptsBSP/\libhal_bsp.a(altera_avalon_jtag_uart_write.o)
                                        0x309 (size before relaxing)
 .debug_str     0x0000000000000dda       0x6d ../InterruptsBSP/\libhal_bsp.a(altera_avalon_timer_sc.o)
                                        0x26b (size before relaxing)
 .debug_str     0x0000000000000e47      0x1ea ../InterruptsBSP/\libhal_bsp.a(altera_up_avalon_character_lcd.o)
                                        0x3f0 (size before relaxing)
 .debug_str     0x0000000000001031      0x16e ../InterruptsBSP/\libhal_bsp.a(altera_up_avalon_irda.o)
                                        0x35e (size before relaxing)
 .debug_str     0x000000000000119f      0x1c5 ../InterruptsBSP/\libhal_bsp.a(altera_up_avalon_ps2.o)
                                        0x431 (size before relaxing)
 .debug_str     0x0000000000001364      0x154 ../InterruptsBSP/\libhal_bsp.a(altera_up_avalon_rs232.o)
                                        0x36b (size before relaxing)
 .debug_str     0x00000000000014b8       0x59 ../InterruptsBSP/\libhal_bsp.a(alt_alarm_start.o)
                                        0x29e (size before relaxing)
 .debug_str     0x0000000000001511       0x44 ../InterruptsBSP/\libhal_bsp.a(alt_close.o)
                                        0x20a (size before relaxing)
 .debug_str     0x0000000000001555       0x34 ../InterruptsBSP/\libhal_bsp.a(alt_dcache_flush_all.o)
                                        0x154 (size before relaxing)
 .debug_str     0x0000000000001589      0x120 ../InterruptsBSP/\libhal_bsp.a(alt_dev.o)
                                        0x304 (size before relaxing)
 .debug_str     0x00000000000016a9       0x34 ../InterruptsBSP/\libhal_bsp.a(alt_dev_llist_insert.o)
                                        0x1cb (size before relaxing)
 .debug_str     0x00000000000016dd       0x48 ../InterruptsBSP/\libhal_bsp.a(alt_do_ctors.o)
                                         0xcf (size before relaxing)
 .debug_str     0x0000000000001725       0x4c ../InterruptsBSP/\libhal_bsp.a(alt_do_dtors.o)
                                         0xce (size before relaxing)
 .debug_str     0x0000000000001771       0x14 ../InterruptsBSP/\libhal_bsp.a(alt_errno.o)
                                        0x144 (size before relaxing)
 .debug_str     0x0000000000001785       0x24 ../InterruptsBSP/\libhal_bsp.a(alt_find_dev.o)
                                        0x1eb (size before relaxing)
 .debug_str     0x00000000000017a9       0x34 ../InterruptsBSP/\libhal_bsp.a(alt_icache_flush_all.o)
                                        0x154 (size before relaxing)
 .debug_str     0x00000000000017dd       0x56 ../InterruptsBSP/\libhal_bsp.a(alt_io_redirect.o)
                                        0x315 (size before relaxing)
 .debug_str     0x0000000000001833       0x3a ../InterruptsBSP/\libhal_bsp.a(alt_irq_handler.o)
                                        0x1b7 (size before relaxing)
 .debug_str     0x000000000000186d       0x2f ../InterruptsBSP/\libhal_bsp.a(alt_open.o)
                                        0x24a (size before relaxing)
 .debug_str     0x000000000000189c       0x28 ../InterruptsBSP/\libhal_bsp.a(alt_release_fd.o)
                                        0x1d2 (size before relaxing)
 .debug_str     0x00000000000018c4       0x4a ../InterruptsBSP/\libhal_bsp.a(alt_tick.o)
                                        0x272 (size before relaxing)
 .debug_str     0x000000000000190e       0x3b ../InterruptsBSP/\libhal_bsp.a(altera_nios2_gen2_irq.o)
                                        0x184 (size before relaxing)
 .debug_str     0x0000000000001949       0x26 ../InterruptsBSP/\libhal_bsp.a(alt_find_file.o)
                                        0x1f9 (size before relaxing)
 .debug_str     0x000000000000196f       0x30 ../InterruptsBSP/\libhal_bsp.a(alt_get_fd.o)
                                        0x21b (size before relaxing)
 .debug_str     0x000000000000199f       0x2c ../InterruptsBSP/\libhal_bsp.a(alt_icache_flush.o)
                                        0x15a (size before relaxing)
 .debug_str     0x00000000000019cb      0x48b ../InterruptsBSP/\libhal_bsp.a(alt_instruction_exception_entry.o)
                                        0x59f (size before relaxing)
 .debug_str     0x0000000000001e56      0x10e c:/altera/16.0/nios2eds/bin/gnu/h-x86_64-mingw32/bin/../lib/gcc/nios2-elf/5.2.0/../../../../../H-x86_64-mingw32/nios2-elf/lib/mhw-mulx\libc.a(lib_a-atexit.o)
                                        0x21d (size before relaxing)
 .debug_str     0x0000000000001f64      0x3a7 c:/altera/16.0/nios2eds/bin/gnu/h-x86_64-mingw32/bin/../lib/gcc/nios2-elf/5.2.0/../../../../../H-x86_64-mingw32/nios2-elf/lib/mhw-mulx\libc.a(lib_a-exit.o)
                                        0x5ba (size before relaxing)
 .debug_str     0x000000000000230b       0xd4 c:/altera/16.0/nios2eds/bin/gnu/h-x86_64-mingw32/bin/../lib/gcc/nios2-elf/5.2.0/../../../../../H-x86_64-mingw32/nios2-elf/lib/mhw-mulx\libc.a(lib_a-impure.o)
                                        0x5b1 (size before relaxing)
 .debug_str     0x00000000000023df       0x3f c:/altera/16.0/nios2eds/bin/gnu/h-x86_64-mingw32/bin/../lib/gcc/nios2-elf/5.2.0/../../../../../H-x86_64-mingw32/nios2-elf/lib/mhw-mulx\libc.a(lib_a-int_errno.o)
                                        0x1d9 (size before relaxing)
 .debug_str     0x000000000000241e       0x44 c:/altera/16.0/nios2eds/bin/gnu/h-x86_64-mingw32/bin/../lib/gcc/nios2-elf/5.2.0/../../../../../H-x86_64-mingw32/nios2-elf/lib/mhw-mulx\libc.a(lib_a-memcmp.o)
                                        0x1e0 (size before relaxing)
 .debug_str     0x0000000000002462       0x51 c:/altera/16.0/nios2eds/bin/gnu/h-x86_64-mingw32/bin/../lib/gcc/nios2-elf/5.2.0/../../../../../H-x86_64-mingw32/nios2-elf/lib/mhw-mulx\libc.a(lib_a-strlen.o)
                                        0x1f3 (size before relaxing)
 .debug_str     0x00000000000024b3       0x3f c:/altera/16.0/nios2eds/bin/gnu/h-x86_64-mingw32/bin/../lib/gcc/nios2-elf/5.2.0/../../../../../H-x86_64-mingw32/nios2-elf/lib/mhw-mulx\libc.a(lib_a-__atexit.o)
                                        0x5f2 (size before relaxing)
 .debug_str     0x00000000000024f2       0x65 c:/altera/16.0/nios2eds/bin/gnu/h-x86_64-mingw32/bin/../lib/gcc/nios2-elf/5.2.0/../../../../../H-x86_64-mingw32/nios2-elf/lib/mhw-mulx\libc.a(lib_a-__call_atexit.o)
                                        0x5de (size before relaxing)
 .debug_str     0x0000000000002557       0x2a ../InterruptsBSP/\libhal_bsp.a(alt_exit.o)
                                        0x179 (size before relaxing)

.debug_loc      0x0000000000000000      0x770
 *(.debug_loc)
 .debug_loc     0x0000000000000000      0x266 c:/altera/16.0/nios2eds/bin/gnu/h-x86_64-mingw32/bin/../lib/gcc/nios2-elf/5.2.0/../../../../../H-x86_64-mingw32/nios2-elf/lib/mhw-mulx\libc.a(lib_a-memcpy.o)
 .debug_loc     0x0000000000000266       0x2c c:/altera/16.0/nios2eds/bin/gnu/h-x86_64-mingw32/bin/../lib/gcc/nios2-elf/5.2.0/../../../../../H-x86_64-mingw32/nios2-elf/lib/mhw-mulx\libc.a(lib_a-atexit.o)
 .debug_loc     0x0000000000000292       0x1e c:/altera/16.0/nios2eds/bin/gnu/h-x86_64-mingw32/bin/../lib/gcc/nios2-elf/5.2.0/../../../../../H-x86_64-mingw32/nios2-elf/lib/mhw-mulx\libc.a(lib_a-exit.o)
 .debug_loc     0x00000000000002b0      0x126 c:/altera/16.0/nios2eds/bin/gnu/h-x86_64-mingw32/bin/../lib/gcc/nios2-elf/5.2.0/../../../../../H-x86_64-mingw32/nios2-elf/lib/mhw-mulx\libc.a(lib_a-memcmp.o)
 .debug_loc     0x00000000000003d6       0x47 c:/altera/16.0/nios2eds/bin/gnu/h-x86_64-mingw32/bin/../lib/gcc/nios2-elf/5.2.0/../../../../../H-x86_64-mingw32/nios2-elf/lib/mhw-mulx\libc.a(lib_a-strlen.o)
 .debug_loc     0x000000000000041d      0x185 c:/altera/16.0/nios2eds/bin/gnu/h-x86_64-mingw32/bin/../lib/gcc/nios2-elf/5.2.0/../../../../../H-x86_64-mingw32/nios2-elf/lib/mhw-mulx\libc.a(lib_a-__atexit.o)
 .debug_loc     0x00000000000005a2      0x1ce c:/altera/16.0/nios2eds/bin/gnu/h-x86_64-mingw32/bin/../lib/gcc/nios2-elf/5.2.0/../../../../../H-x86_64-mingw32/nios2-elf/lib/mhw-mulx\libc.a(lib_a-__call_atexit.o)

.debug_macinfo
 *(.debug_macinfo)

.debug_weaknames
 *(.debug_weaknames)

.debug_funcnames
 *(.debug_funcnames)

.debug_typenames
 *(.debug_typenames)

.debug_varnames
 *(.debug_varnames)

.debug_alt_sim_info
                0x0000000000000000       0x20
 *(.debug_alt_sim_info)
 .debug_alt_sim_info
                0x0000000000000000       0x20 ../InterruptsBSP//obj/HAL/src/crt0.o
                0x0000000004000000                __alt_data_end = 0x4000000
                0x0000000004000000                PROVIDE (__alt_stack_pointer, __alt_data_end)
                [!provide]                        PROVIDE (__alt_stack_limit, __alt_stack_base)
                [!provide]                        PROVIDE (__alt_heap_start, end)
                [!provide]                        PROVIDE (__alt_heap_limit, 0x4000000)
OUTPUT(InterruptsPartDeux.elf elf32-littlenios2)

.debug_ranges   0x0000000000000000      0x178
 .debug_ranges  0x0000000000000000       0x20 ../InterruptsBSP//obj/HAL/src/crt0.o
 .debug_ranges  0x0000000000000020       0x10 c:/altera/16.0/nios2eds/bin/gnu/h-x86_64-mingw32/bin/../lib/gcc/nios2-elf/5.2.0/../../../../../H-x86_64-mingw32/nios2-elf/lib/mhw-mulx\libc.a(lib_a-memcpy.o)
 .debug_ranges  0x0000000000000030       0x30 ../InterruptsBSP/\libhal_bsp.a(altera_avalon_jtag_uart_init.o)
 .debug_ranges  0x0000000000000060       0x18 ../InterruptsBSP/\libhal_bsp.a(altera_avalon_jtag_uart_read.o)
 .debug_ranges  0x0000000000000078       0x28 ../InterruptsBSP/\libhal_bsp.a(alt_irq_entry.o)
 .debug_ranges  0x00000000000000a0       0x10 ../InterruptsBSP/\libhal_bsp.a(alt_irq_handler.o)
 .debug_ranges  0x00000000000000b0       0x30 ../InterruptsBSP/\libhal_bsp.a(alt_exception_entry.o)
 .debug_ranges  0x00000000000000e0       0x18 ../InterruptsBSP/\libhal_bsp.a(alt_instruction_exception_entry.o)
 .debug_ranges  0x00000000000000f8       0x10 c:/altera/16.0/nios2eds/bin/gnu/h-x86_64-mingw32/bin/../lib/gcc/nios2-elf/5.2.0/../../../../../H-x86_64-mingw32/nios2-elf/lib/mhw-mulx\libc.a(lib_a-atexit.o)
 .debug_ranges  0x0000000000000108       0x10 c:/altera/16.0/nios2eds/bin/gnu/h-x86_64-mingw32/bin/../lib/gcc/nios2-elf/5.2.0/../../../../../H-x86_64-mingw32/nios2-elf/lib/mhw-mulx\libc.a(lib_a-exit.o)
 .debug_ranges  0x0000000000000118       0x10 c:/altera/16.0/nios2eds/bin/gnu/h-x86_64-mingw32/bin/../lib/gcc/nios2-elf/5.2.0/../../../../../H-x86_64-mingw32/nios2-elf/lib/mhw-mulx\libc.a(lib_a-memcmp.o)